 E-Maj (version 0.12.0) - launching parallel rollbacks for groups
-------------------------------------------------------------------
3 connected sessions
Number of tables needing rollback for groups 'myGroup1' = 3
Rollback to mark 'Multi-1' in progress...
Rollback of 3 tables and 1 sequences completed

