-- client.sql: Test client tools, namely emajParallelRollback.php and emajRollbackMonitor.php
--------------------------------------------
-- Prepare data for emajParallelRollback.php
--------------------------------------------
delete from mySchema1.myTbl4;
delete from mySchema1.myTbl1;
delete from mySchema1.myTbl2; 
delete from mySchema1."myTbl3";
delete from mySchema1.myTbl2b;
delete from mySchema2.myTbl4;
delete from mySchema2.myTbl1;
delete from mySchema2.myTbl2; 
delete from mySchema2."myTbl3";
delete from mySchema2.myTbl5;
delete from mySchema2.myTbl6 where col61 <> 0;
alter sequence mySchema2.mySeq1 restart 9999;
--------------------------------------------
-- Dump the regression database
--------------------------------------------
\! RTVBIN.lnk/pg_dump regression >results/regression.dump
--------------------------------------------
-- Call emajParallelRollback.php
--------------------------------------------
-- parallel rollback, but with disabled dblink connection
delete from emaj.emaj_param where param_key = 'dblink_user_password';
\! ../../php/emajParallelRollback.php -d regression -g "myGroup1,myGroup2" -m Multi-1 -s 3 -l
 E-Maj (version <NEXT_VERSION>) - launching parallel rollbacks
-----------------------------------------------------------
PHP Warning:  pg_query(): Query failed: ERROR:  _rlbk_init: cannot use several sessions without dblink connection capability. (Status of the dblink connection attempt = -5 - see documentation) in /home/postgres/proj/emaj/php/emajParallelRollback.php on line 124
Call of _rlbk_init() function failed pg_krb5_init: krb5_cc_get_principal: No credentials cache found
insert into emaj.emaj_param (param_key, param_value_text) 
  values ('dblink_user_password','user=postgres password=postgres');
-- logged rollback for a single group
\! ../../php/emajParallelRollback.php -d regression -g "myGroup1,myGroup2" -m Multi-1 -s 3 -l
 E-Maj (version <NEXT_VERSION>) - launching parallel rollbacks
-----------------------------------------------------------
==> Logged rollback to mark 'Multi-1' is now in progress with 3 sessions...
==> Logged rollback completed (9 tables and 3 sequences effectively processed).

-- unlogged rollback for 2 groups
\! ../../php/emajParallelRollback.php -d regression -g myGroup1 -m Multi-1 -s 3
 E-Maj (version <NEXT_VERSION>) - launching parallel rollbacks
-----------------------------------------------------------
==> Rollback to mark 'Multi-1' is now in progress with 3 sessions...
==> Rollback completed (3 tables and 1 sequences effectively processed).

--------------------------------------------
-- Prepare data for emajRollbackMonitor.php
--------------------------------------------
delete from emaj.emaj_rlbk_plan where rlbp_rlbk_id > 1000;
delete from emaj.emaj_rlbk where rlbk_id > 1000;
-- 1st rollback, in EXECUTING state
insert into emaj.emaj_rlbk (rlbk_id, rlbk_groups, rlbk_mark, rlbk_mark_datetime, rlbk_is_logged, rlbk_nb_session, 
           rlbk_nb_table, rlbk_nb_sequence, rlbk_eff_nb_table, rlbk_status, rlbk_start_datetime)
  values (1232,array['group1232'],'mark1232','2000-01-01 01:00:00',true,1,
           5,4,3,'EXECUTING',now()-'2 minutes'::interval);
insert into emaj.emaj_rlbk_plan (rlbp_rlbk_id, rlbp_step, rlbp_schema, rlbp_table, rlbp_fkey,
           rlbp_estimated_duration, rlbp_start_time, rlbp_duration)
  values (1232, 'RLBK_TABLE','schema','t1','','50 seconds'::interval,null,null),
         (1232, 'RLBK_TABLE','schema','t2','','30 seconds'::interval,null,null),
         (1232, 'RLBK_TABLE','schema','t3','','20 seconds'::interval,null,null);
-- the first RLBK_TABLE is completed, and the step duration < the estimated duration 
update emaj.emaj_rlbk_plan set rlbp_start_time = now() - '45 seconds'::interval,
                               rlbp_duration = '45 seconds'::interval
  where rlbp_rlbk_id = 1232 and rlbp_table = 't1';
-- the second RLBK_TABLE is completed, and the step duration > the estimated duration 
update emaj.emaj_rlbk_plan set rlbp_start_time = now() - '65 seconds'::interval,
                               rlbp_duration = '65 seconds'::interval
  where rlbp_rlbk_id = 1232 and rlbp_table = 't2';
-- 2nd rollback, in LOCKING state
insert into emaj.emaj_rlbk (rlbk_id, rlbk_groups, rlbk_mark, rlbk_mark_datetime, rlbk_is_logged, rlbk_nb_session, 
           rlbk_nb_table, rlbk_nb_sequence, rlbk_eff_nb_table, rlbk_status, rlbk_start_datetime)
  values (1233,array['group1233'],'mark1233','2000-01-01 01:00:00',true,1,
           5,4,3,'LOCKING',now()-'2 minutes'::interval);
insert into emaj.emaj_rlbk_plan (rlbp_rlbk_id, rlbp_step, rlbp_schema, rlbp_table, rlbp_fkey,
           rlbp_estimated_duration, rlbp_start_time, rlbp_duration)
  values (1233, 'LOCK_TABLE','schema','t1','',null,null,null),
         (1233, 'LOCK_TABLE','schema','t2','',null,null,null),
         (1233, 'LOCK_TABLE','schema','t3','',null,null,null);
-- the rollback operation in LOCKING state now has RLBK_TABLE steps
insert into emaj.emaj_rlbk_plan (rlbp_rlbk_id, rlbp_step, rlbp_schema, rlbp_table, rlbp_fkey,
           rlbp_estimated_duration, rlbp_start_time, rlbp_duration)
  values (1233, 'RLBK_TABLE','schema','t1','','0:20:00'::interval,null,null),
         (1233, 'RLBK_TABLE','schema','t2','','0:02:00'::interval,null,null),
         (1233, 'RLBK_TABLE','schema','t3','','0:00:20'::interval,null,null);
-- 3rd rollback, in PLANNING state
insert into emaj.emaj_rlbk (rlbk_id, rlbk_groups, rlbk_mark, rlbk_mark_datetime, rlbk_is_logged, rlbk_nb_session, 
           rlbk_nb_table, rlbk_nb_sequence, rlbk_eff_nb_table, rlbk_status, rlbk_start_datetime)
  values (1234,array['group1234'],'mark1234','2000-01-01 01:00:00',true,1,
           5,4,3,'PLANNING',now()-'1 minute'::interval);
--------------------------------------------
-- call emajRollbackMonitor.php
--------------------------------------------
\! ../../php/emajRollbackMonitor.php -d regression -i 0.1 -n 2 -l 2 -a 12 -vr
 E-Maj (version <NEXT_VERSION>) - Monitoring rollbacks activity
---------------------------------------------------------------
[current date and time]
** rollback 34 started at [rollback start time] for groups {myGroup1,myGroup2}
   status: COMMITTED ; ended at [rollback end time] 
   rollback to mark: Multi-1 set at [mark time]
   3 session(s) to process 9 table(s) and 3 sequence(s) 
** rollback 35 started at [rollback start time] for groups {myGroup1}
   status: COMMITTED ; ended at [rollback end time] 
   rollback to mark: Multi-1 set at [mark time]
   3 session(s) to process 3 table(s) and 1 sequence(s) 
-> rollback 1232 started at [rollback start time] for groups {group1232}
   status: EXECUTING ; completion 85 % ; @ 20 secs remaining
   rollback to mark: mark1232 set at [mark time]
   1 session(s) to process 3 table(s) and 4 sequence(s) 
-> rollback 1233 started at [rollback start time] for groups {group1233}
   status: LOCKING ; completion 0 % ; @ 22 mins 20 secs remaining
   rollback to mark: mark1233 set at [mark time]
   1 session(s) to process 3 table(s) and 4 sequence(s) 
-> rollback 1234 started at [rollback start time] for groups {group1234}
   status: PLANNING ; completion 0 % 
   rollback to mark: mark1234 set at [mark time]
   1 session(s) to process 3 table(s) and 4 sequence(s) 
[current date and time]
** rollback 34 started at [rollback start time] for groups {myGroup1,myGroup2}
   status: COMMITTED ; ended at [rollback end time] 
   rollback to mark: Multi-1 set at [mark time]
   3 session(s) to process 9 table(s) and 3 sequence(s) 
** rollback 35 started at [rollback start time] for groups {myGroup1}
   status: COMMITTED ; ended at [rollback end time] 
   rollback to mark: Multi-1 set at [mark time]
   3 session(s) to process 3 table(s) and 1 sequence(s) 
-> rollback 1232 started at [rollback start time] for groups {group1232}
   status: EXECUTING ; completion 85 % ; @ 20 secs remaining
   rollback to mark: mark1232 set at [mark time]
   1 session(s) to process 3 table(s) and 4 sequence(s) 
-> rollback 1233 started at [rollback start time] for groups {group1233}
   status: LOCKING ; completion 0 % ; @ 22 mins 20 secs remaining
   rollback to mark: mark1233 set at [mark time]
   1 session(s) to process 3 table(s) and 4 sequence(s) 
-> rollback 1234 started at [rollback start time] for groups {group1234}
   status: PLANNING ; completion 0 % 
   rollback to mark: mark1234 set at [mark time]
   1 session(s) to process 3 table(s) and 4 sequence(s) 

