-- viewer.sql : test use of functions by an emaj_viewer role
--
-----------------------------
-- grant emaj_viewer role
-----------------------------
grant emaj_viewer to emaj_regression_tests_viewer_user;
--
set role emaj_regression_tests_viewer_user;
--
-----------------------------
-- authorized table or view accesses
-----------------------------
select count(*) from emaj.emaj_visible_param;
 count 
-------
     3
(1 row)

select count(*) from emaj.emaj_hist;
 count 
-------
     0
(1 row)

select count(*) from emaj.emaj_group_def;
 count 
-------
    27
(1 row)

select count(*) from emaj.emaj_group;
 count 
-------
     4
(1 row)

select count(*) from emaj.emaj_relation;
 count 
-------
    21
(1 row)

select count(*) from emaj.emaj_mark;
 count 
-------
    12
(1 row)

select count(*) from emaj.emaj_sequence;
 count 
-------
    79
(1 row)

select count(*) from emaj.emaj_seq_hole;
 count 
-------
     3
(1 row)

select count(*) from emaj.emaj_rlbk;
 count 
-------
    17
(1 row)

select count(*) from emaj.emaj_rlbk_session;
 count 
-------
    17
(1 row)

select count(*) from emaj.emaj_rlbk_plan;
 count 
-------
    89
(1 row)

select count(*) from emaj.emaj_rlbk_stat;
 count 
-------
     0
(1 row)

select count(*) from emaj.mySchema1_myTbl1_log;
 count 
-------
     0
(1 row)

-----------------------------
-- authorized functions
-----------------------------
select * from emaj.emaj_verify_all();
  emaj_verify_all  
-------------------
 No error detected
(1 row)

select emaj.emaj_get_previous_mark_group('myGroup1', current_timestamp);
 emaj_get_previous_mark_group 
------------------------------
 Multi-3
(1 row)

select emaj.emaj_get_previous_mark_group('myGroup1', 'EMAJ_LAST_MARK');
 emaj_get_previous_mark_group 
------------------------------
 Multi-2
(1 row)

select emaj.emaj_cleanup_rollback_state();
 emaj_cleanup_rollback_state 
-----------------------------
                           0
(1 row)

select * from emaj.emaj_log_stat_group('myGroup1',NULL,NULL);
 stat_group | stat_schema | stat_table | stat_rows 
------------+-------------+------------+-----------
 myGroup1   | myschema1   | myTbl3     |         0
 myGroup1   | myschema1   | mytbl1     |         0
 myGroup1   | myschema1   | mytbl4     |        11
 myGroup1   | myschema1   | mytbl2     |         0
 myGroup1   | myschema1   | mytbl2b    |         0
(5 rows)

select * from emaj.emaj_detailed_log_stat_group('myGroup1',NULL,NULL);
 stat_group | stat_schema | stat_table | stat_role | stat_verb | stat_rows 
------------+-------------+------------+-----------+-----------+-----------
(0 rows)

select emaj.emaj_estimate_rollback_group('myGroup1',emaj.emaj_get_previous_mark_group('myGroup1',current_timestamp),FALSE);
 emaj_estimate_rollback_group 
------------------------------
 @ 0.05927 secs
(1 row)

select emaj.emaj_estimate_rollback_groups(array['myGroup1'],emaj.emaj_get_previous_mark_group('myGroup1',current_timestamp),FALSE);
 emaj_estimate_rollback_groups 
-------------------------------
 @ 0.05927 secs
(1 row)

select * from emaj.emaj_rollback_activity();
 rlbk_id | rlbk_groups | rlbk_mark | rlbk_mark_datetime | rlbk_is_logged | rlbk_nb_session | rlbk_nb_table | rlbk_nb_sequence | rlbk_eff_nb_table | rlbk_status | rlbk_start_datetime | rlbk_elapse | rlbk_remaining | rlbk_completion_pct 
---------+-------------+-----------+--------------------+----------------+-----------------+---------------+------------------+-------------------+-------------+---------------------+-------------+----------------+---------------------
(0 rows)

select substr(pg_size_pretty(pg_database_size(current_database())),1,0);
 substr 
--------
 
(1 row)

-----------------------------
-- forbiden table accesses
-----------------------------
select count(*) from emaj.emaj_param;
ERROR:  permission denied for relation emaj_param
delete from emaj.emaj_param;
ERROR:  permission denied for relation emaj_param
delete from emaj.emaj_hist;
ERROR:  permission denied for relation emaj_hist
delete from emaj.emaj_group_def;
ERROR:  permission denied for relation emaj_group_def
delete from emaj.emaj_group;
ERROR:  permission denied for relation emaj_group
delete from emaj.emaj_relation;
ERROR:  permission denied for relation emaj_relation
delete from emaj.emaj_mark;
ERROR:  permission denied for relation emaj_mark
delete from emaj.emaj_sequence;
ERROR:  permission denied for relation emaj_sequence
delete from emaj.emaj_seq_hole;
ERROR:  permission denied for relation emaj_seq_hole
delete from emaj.emaj_rlbk;
ERROR:  permission denied for relation emaj_rlbk
delete from emaj.emaj_rlbk_session;
ERROR:  permission denied for relation emaj_rlbk_session
delete from emaj.emaj_rlbk_plan;
ERROR:  permission denied for relation emaj_rlbk_plan
delete from emaj.emaj_rlbk_stat;
ERROR:  permission denied for relation emaj_rlbk_stat
delete from emaj.mySchema1_myTbl1_log;
ERROR:  permission denied for relation myschema1_mytbl1_log
-----------------------------
-- forbiden functions
-----------------------------
select emaj.emaj_create_group('myGroup1');
ERROR:  permission denied for function emaj_create_group
select emaj.emaj_create_group('myGroup1',true);
ERROR:  permission denied for function emaj_create_group
select emaj.emaj_drop_group('myGroup1');
ERROR:  permission denied for function emaj_drop_group
select emaj.emaj_force_drop_group('myGroup1');
ERROR:  permission denied for function emaj_force_drop_group
select emaj.emaj_alter_group('myGroup1');
ERROR:  permission denied for function emaj_alter_group
select emaj.emaj_start_group('myGroup1','mark');
ERROR:  permission denied for function emaj_start_group
select emaj.emaj_start_groups(array['myGroup1'],'mark');
ERROR:  permission denied for function emaj_start_groups
select emaj.emaj_stop_group('myGroup1');
ERROR:  permission denied for function emaj_stop_group
select emaj.emaj_stop_group('myGroup1',NULL);
ERROR:  permission denied for function emaj_stop_group
select emaj.emaj_stop_groups(array['myGroup1']);
ERROR:  permission denied for function emaj_stop_groups
select emaj.emaj_stop_groups(array['myGroup1'],NULL);
ERROR:  permission denied for function emaj_stop_groups
select emaj.emaj_protect_group('myGroup1');
ERROR:  permission denied for function emaj_protect_group
select emaj.emaj_unprotect_group('myGroup1');
ERROR:  permission denied for function emaj_unprotect_group
select emaj.emaj_set_mark_group('myGroup1','mark');
ERROR:  permission denied for function emaj_set_mark_group
select emaj.emaj_set_mark_groups(array['myGroup1'],'mark');
ERROR:  permission denied for function emaj_set_mark_groups
select emaj.emaj_comment_mark_group('myGroup1','mark',NULL);
ERROR:  permission denied for function emaj_comment_mark_group
select emaj.emaj_delete_mark_group('myGroup1','mark'); 
ERROR:  permission denied for function emaj_delete_mark_group
select emaj.emaj_delete_before_mark_group('myGroup1','mark');
ERROR:  permission denied for function emaj_delete_before_mark_group
select emaj.emaj_rename_mark_group('myGroup1','EMAJ_LAST_MARK','mark');
ERROR:  permission denied for function emaj_rename_mark_group
select emaj.emaj_protect_mark_group('myGroup1','EMAJ_LAST_MARK');
ERROR:  permission denied for function emaj_protect_mark_group
select emaj.emaj_unprotect_mark_group('myGroup1','EMAJ_LAST_MARK');
ERROR:  permission denied for function emaj_unprotect_mark_group
select emaj.emaj_rollback_group('myGroup1','mark'); 
ERROR:  permission denied for function emaj_rollback_group
select emaj.emaj_rollback_groups(array['myGroup1'],'mark'); 
ERROR:  permission denied for function emaj_rollback_groups
select emaj.emaj_logged_rollback_group('myGroup1','mark');
ERROR:  permission denied for function emaj_logged_rollback_group
select emaj.emaj_logged_rollback_groups(array['myGroup1'],'mark');
ERROR:  permission denied for function emaj_logged_rollback_groups
select emaj.emaj_reset_group('myGroup1');
ERROR:  permission denied for function emaj_reset_group
select emaj.emaj_snap_group('myGroup1','/tmp',NULL);
ERROR:  permission denied for function emaj_snap_group
select emaj.emaj_snap_log_group('myGroup1',NULL,NULL,'/tmp',NULL);
ERROR:  permission denied for function emaj_snap_log_group
select emaj.emaj_gen_sql_group('myGroup1',NULL,NULL,'/tmp/dummy');
ERROR:  permission denied for function emaj_gen_sql_group
select emaj.emaj_gen_sql_group('myGroup1',NULL,NULL,'/tmp/dummy',array['']);
ERROR:  permission denied for function emaj_gen_sql_group
select emaj.emaj_gen_sql_groups(array['myGroup1'],NULL,NULL,'/tmp/dummy');
ERROR:  permission denied for function emaj_gen_sql_groups
select emaj.emaj_gen_sql_groups(array['myGroup1'],NULL,NULL,'/tmp/dummy',array['']);
ERROR:  permission denied for function emaj_gen_sql_groups
--
reset role;
