-- after_restore.sql: test the emaj environment restored from a dump taken at the end of schedule reg tests
-- All operations are executed by a super-user
--
-----------------------------
-- Checking restore
-----------------------------
DO LANGUAGE plpgsql $$
DECLARE
  r             RECORD;
  keepTable     BOOLEAN = false;
  delta         SMALLINT;
  expected_val  BIGINT;
  returned_val  BIGINT;
BEGIN
-- Comparing the number of rows in each table
  FOR r IN
    SELECT nspname, relname
      FROM pg_catalog.pg_class, pg_catalog.pg_namespace
     WHERE relnamespace = pg_namespace.oid
       AND relkind = 'r' AND nspname ~ '^emaj' AND relname !~ '^emaj_regtest'
     ORDER BY 1,2
  LOOP
    SELECT tbl_tuple INTO expected_val FROM emaj.emaj_regtest_dump_tbl WHERE tbl_schema = r.nspname AND tbl_name = r.relname;
    EXECUTE 'SELECT count(*) FROM '||quote_ident(r.nspname)||'.'||quote_ident(r.relname) INTO returned_val;
    IF NOT (expected_val = returned_val OR (r.nspname || '.' || r.relname = 'emaj.emaj_hist' AND expected_val = returned_val - 1)) THEN
-- the emaj_hist table may contain 1 more row created at extension creation
      RAISE WARNING 'Error, the table %.% contains % rows instead of %', quote_ident(r.nspname), quote_ident(r.relname), returned_val, expected_val;
      keepTable = true;
    END IF;
  END LOOP;
-- Comparing the properties of each sequence
  FOR r IN
    SELECT nspname, relname
      FROM pg_catalog.pg_class, pg_catalog.pg_namespace
     WHERE relnamespace = pg_namespace.oid
       AND relkind = 'S' AND nspname ~ '^emaj' AND relname !~ '^emaj_regtest' AND relname ~ '_seq$'
     ORDER BY 1,2
  LOOP
    EXECUTE 'SELECT * FROM emaj.emaj_regtest_dump_seq WHERE sequ_schema = ' || quote_literal(r.nspname) || ' AND sequ_name = ' || quote_literal(r.relname)
         || ' EXCEPT SELECT * FROM emaj._get_current_sequence_state(' || quote_literal(r.nspname) || ',' || quote_literal(r.relname) || ',0)';
    GET DIAGNOSTICS delta = ROW_COUNT;
    IF delta > 0 THEN
      SELECT sequ_last_val INTO expected_val FROM emaj.emaj_regtest_dump_seq WHERE sequ_schema = r.nspname AND sequ_name = r.relname;
      EXECUTE 'SELECT sequ_last_val FROM emaj._get_current_sequence_state(' || quote_literal(r.nspname) || ',' || quote_literal(r.relname) || ',0)'
        INTO returned_val;
      IF expected_val <> returned_val THEN
        RAISE WARNING 'Error, the sequence %.% has last_val equal to % instead of %', quote_ident(r.nspname), quote_ident(r.relname), returned_val, expected_val;
      ELSE
        RAISE WARNING 'Error, the properties of the sequence %.% are not the expected ones', quote_ident(r.nspname), quote_ident(r.relname);
      END IF;
      keepTable = true;
    END IF;
  END LOOP;
-- if everything is OK, drop both control tables created just before the database dump
  IF NOT keepTable THEN
    DROP TABLE emaj.emaj_regtest_dump_tbl, emaj.emaj_regtest_dump_seq;
  END IF;
END $$;
DO
-----------------------------
-- Let's use the E-Maj environment
-----------------------------
-----------------------------
-- Step 1 : for myGroup2, update tables and set a mark 
-----------------------------
set search_path=myschema2;
SET
insert into myTbl1 select 100+i, 'KLM', E'\\000\\014'::bytea from generate_series (1,11) as i;
INSERT 0 11
update myTbl1 set col13=E'\\000\\034'::bytea where col11 >105;
UPDATE 6
insert into myTbl2 values (100,'KLM','2012-12-31');
INSERT 0 1
delete from myTbl1 where col11 > 110;
DELETE 1
select nextval('myschema2.myseq1');
 nextval 
---------
    9999
(1 row)

--
select emaj.emaj_set_mark_group('myGroup2','After restore mark');
 emaj_set_mark_group 
---------------------
                   6
(1 row)

--
-----------------------------
-- Checking step 1
-----------------------------
-- emaj tables
select mark_id, mark_group, regexp_replace(mark_name,E'\\d\\d\.\\d\\d\\.\\d\\d\\.\\d\\d\\d','%','g'), mark_time_id, mark_is_deleted, mark_is_rlbk_protected, mark_comment, mark_log_rows_before_next, mark_logged_rlbk_target_mark from emaj.emaj_mark order by mark_id;
 mark_id |    mark_group    |        regexp_replace        | mark_time_id | mark_is_deleted | mark_is_rlbk_protected | mark_comment | mark_log_rows_before_next | mark_logged_rlbk_target_mark 
---------+------------------+------------------------------+--------------+-----------------+------------------------+--------------+---------------------------+------------------------------
       2 | myGroup2         | M1                           |            5 | f               | f                      |              |                        27 | 
       3 | phil's group#3", | M1                           |            6 | f               | f                      |              |                           | 
       6 | myGroup2         | M2                           |           11 | f               | f                      |              |                         4 | 
       7 | myGroup2         | M3                           |           12 | f               | f                      |              |                         0 | 
      18 | myGroup1         | M4                           |           23 | f               | f                      |              |                         0 | 
      19 | myGroup1         | M5                           |           24 | f               | f                      |              |                         3 | 
      23 | myGroup1         | Before logged rollback to M4 |           30 | f               | f                      |              |                         3 | 
      25 | myGroup1         | Multi-1                      |           32 | f               | f                      |              |                           | 
      26 | myGroup2         | Multi-1                      |           32 | f               | f                      |              |                        43 | 
      27 | myGroup2         | After restore mark           |           33 | f               | f                      |              |                           | 
(10 rows)

select sequ_schema, sequ_name, sequ_time_id, sequ_last_val, sequ_is_called from emaj.emaj_sequence order by sequ_time_id, sequ_schema, sequ_name;
  sequ_schema   |             sequ_name              | sequ_time_id | sequ_last_val | sequ_is_called 
----------------+------------------------------------+--------------+---------------+----------------
 emaj           | myschema2_mytbl1_log_seq           |            5 |             1 | f
 emaj           | myschema2_mytbl2_log_seq           |            5 |             1 | f
 emaj           | myschema2_myTbl3_log_seq           |            5 |             1 | f
 emaj           | myschema2_mytbl4_log_seq           |            5 |             1 | f
 myschema2      | myseq1                             |            5 |          1000 | f
 myschema2      | myTbl3_col31_seq                   |            5 |             1 | f
 emaj           | phil's schema3_myTbl2\_log_seq     |            6 |             1 | f
 emaj           | phil's schema3_phil's tbl1_log_seq |            6 |             1 | f
 phil's schema3 | phil's seq\1                       |            6 |          1000 | f
 emaj           | myschema2_mytbl1_log_seq           |           11 |            15 | t
 emaj           | myschema2_mytbl2_log_seq           |           11 |             2 | t
 emaj           | myschema2_myTbl3_log_seq           |           11 |            10 | t
 emaj           | myschema2_mytbl4_log_seq           |           11 |             1 | f
 myschema2      | myseq1                             |           11 |          1000 | t
 myschema2      | myTbl3_col31_seq                   |           11 |            10 | t
 emaj           | myschema2_mytbl1_log_seq           |           12 |            15 | t
 emaj           | myschema2_mytbl2_log_seq           |           12 |             2 | t
 emaj           | myschema2_myTbl3_log_seq           |           12 |            10 | t
 emaj           | myschema2_mytbl4_log_seq           |           12 |             4 | t
 myschema2      | myseq1                             |           12 |          1003 | t
 myschema2      | myTbl3_col31_seq                   |           12 |            10 | t
 emaj           | myschema1_mytbl1_log_seq           |           23 |            41 | t
 emaj           | myschema1_mytbl2b_log_seq          |           23 |             5 | t
 emaj           | myschema1_mytbl2_log_seq           |           23 |             4 | t
 emaj           | myschema1_mytbl4_log_seq           |           23 |            11 | t
 myschema1      | myTbl3_col31_seq                   |           23 |            10 | t
 emaj           | myschema1_mytbl1_log_seq           |           24 |            41 | t
 emaj           | myschema1_mytbl2b_log_seq          |           24 |             5 | t
 emaj           | myschema1_mytbl2_log_seq           |           24 |             4 | t
 emaj           | myschema1_mytbl4_log_seq           |           24 |            11 | t
 myschema1      | myTbl3_col31_seq                   |           24 |            10 | t
 emaj           | myschema1_mytbl1_log_seq           |           30 |            43 | t
 emaj           | myschema1_mytbl2b_log_seq          |           30 |             5 | t
 emaj           | myschema1_mytbl2_log_seq           |           30 |             4 | t
 emaj           | myschema1_mytbl4_log_seq           |           30 |            15 | t
 myschema1      | myTbl3_col31_seq                   |           30 |            10 | t
 emaj           | myschema1_mytbl1_log_seq           |           32 |            44 | t
 emaj           | myschema1_mytbl2b_log_seq          |           32 |             5 | t
 emaj           | myschema1_mytbl2_log_seq           |           32 |             4 | t
 emaj           | myschema1_mytbl4_log_seq           |           32 |            17 | t
 emaj           | myschema2_mytbl1_log_seq           |           32 |            15 | t
 emaj           | myschema2_mytbl2_log_seq           |           32 |             2 | t
 emaj           | myschema2_myTbl3_log_seq           |           32 |            10 | t
 emaj           | myschema2_mytbl4_log_seq           |           32 |            10 | t
 myschema1      | myTbl3_col31_seq                   |           32 |            10 | t
 myschema2      | myseq1                             |           32 |          1004 | f
 myschema2      | myTbl3_col31_seq                   |           32 |            10 | t
 emaj           | myschema2_mytbl1_log_seq           |           33 |            43 | t
 emaj           | myschema2_mytbl2_log_seq           |           33 |             5 | t
 emaj           | myschema2_myTbl3_log_seq           |           33 |            20 | t
 emaj           | myschema2_mytbl4_log_seq           |           33 |            12 | t
 myschema2      | myseq1                             |           33 |          9999 | t
 myschema2      | myTbl3_col31_seq                   |           33 |            10 | t
(53 rows)

-- user tables
select * from mySchema2.myTbl1 order by col11,col12;
 col11 |   col12    | col13  
-------+------------+--------
   101 | KLM        | \x000c
   102 | KLM        | \x000c
   103 | KLM        | \x000c
   104 | KLM        | \x000c
   105 | KLM        | \x000c
   106 | KLM        | \x001c
   107 | KLM        | \x001c
   108 | KLM        | \x001c
   109 | KLM        | \x001c
   110 | KLM        | \x001c
(10 rows)

select * from mySchema2.myTbl2 order by col21;
 col21 | col22 |   col23    
-------+-------+------------
   100 | KLM   | 2012-12-31
(1 row)

select col31,col33 from mySchema2."myTbl3" order by col31;
 col31 | col33 
-------+-------
(0 rows)

select * from mySchema2.myTbl4 order by col41;
 col41 | col42 | col43 | col44 | col45 
-------+-------+-------+-------+-------
(0 rows)

-- log tables
select col11, col12, col13, emaj_verb, emaj_tuple from emaj.mySchema2_myTbl1_log order by col11, col12, emaj_gid, emaj_tuple desc;
 col11 |   col12    | col13  | emaj_verb | emaj_tuple 
-------+------------+--------+-----------+------------
     1 | ABC        | \x0c   | INS       | NEW
     1 | ABC        | \x0c   | UPD       | OLD
     1 | ABC        | \x1c   | UPD       | NEW
     1 | ABC        | \x1c   | DEL       | OLD
     2 | ABC        | \x0c   | INS       | NEW
     2 | ABC        | \x0c   | UPD       | OLD
     2 | ABC        | \x1c   | UPD       | NEW
     2 | ABC        | \x1c   | DEL       | OLD
     3 | ABC        | \x0c   | INS       | NEW
     3 | ABC        | \x0c   | UPD       | OLD
     3 | ABC        | \x1c   | UPD       | NEW
     3 | ABC        | \x1c   | DEL       | OLD
     4 | ABC        | \x0c   | INS       | NEW
     4 | ABC        | \x0c   | DEL       | OLD
     5 | ABC        | \x0c   | INS       | NEW
     5 | ABC        | \x0c   | DEL       | OLD
     6 | ABC        | \x0c   | INS       | NEW
     6 | ABC        | \x0c   | DEL       | OLD
     7 | ABC        | \x0c   | INS       | NEW
     7 | ABC        | \x0c   | DEL       | OLD
     8 | ABC        | \x0c   | INS       | NEW
     8 | ABC        | \x0c   | DEL       | OLD
     9 | ABC        | \x0c   | INS       | NEW
     9 | ABC        | \x0c   | DEL       | OLD
    10 | ABC        | \x0c   | INS       | NEW
    10 | ABC        | \x0c   | DEL       | OLD
    11 | ABC        | \x0c   | INS       | NEW
    11 | ABC        | \x0c   | DEL       | OLD
   101 | KLM        | \x000c | INS       | NEW
   102 | KLM        | \x000c | INS       | NEW
   103 | KLM        | \x000c | INS       | NEW
   104 | KLM        | \x000c | INS       | NEW
   105 | KLM        | \x000c | INS       | NEW
   106 | KLM        | \x000c | INS       | NEW
   106 | KLM        | \x000c | UPD       | OLD
   106 | KLM        | \x001c | UPD       | NEW
   107 | KLM        | \x000c | INS       | NEW
   107 | KLM        | \x000c | UPD       | OLD
   107 | KLM        | \x001c | UPD       | NEW
   108 | KLM        | \x000c | INS       | NEW
   108 | KLM        | \x000c | UPD       | OLD
   108 | KLM        | \x001c | UPD       | NEW
   109 | KLM        | \x000c | INS       | NEW
   109 | KLM        | \x000c | UPD       | OLD
   109 | KLM        | \x001c | UPD       | NEW
   110 | KLM        | \x000c | INS       | NEW
   110 | KLM        | \x000c | UPD       | OLD
   110 | KLM        | \x001c | UPD       | NEW
   111 | KLM        | \x000c | INS       | NEW
   111 | KLM        | \x000c | UPD       | OLD
   111 | KLM        | \x001c | UPD       | NEW
   111 | KLM        | \x001c | DEL       | OLD
(52 rows)

select col21, col22, col23, emaj_verb, emaj_tuple from emaj.mySchema2_myTbl2_log order by col21, emaj_gid, emaj_tuple desc;
 col21 | col22 |   col23    | emaj_verb | emaj_tuple 
-------+-------+------------+-----------+------------
     1 | ABC   | 2010-01-01 | INS       | NEW
     1 | ABC   | 2010-01-01 | DEL       | OLD
     2 | DEF   |            | INS       | NEW
     2 | DEF   |            | DEL       | OLD
   100 | KLM   | 2012-12-31 | INS       | NEW
(5 rows)

select col31, col33, emaj_verb, emaj_tuple from "emajC"."myschema2_myTbl3_log" order by col31, emaj_gid, emaj_tuple desc;
ERROR:  relation "emajC.myschema2_myTbl3_log" does not exist
LINE 1: select col31, col33, emaj_verb, emaj_tuple from "emajC"."mys...
                                                        ^
select col41, col42, col43, col44, col45, emaj_verb, emaj_tuple from emaj.mySchema2_myTbl4_log order by col41, emaj_gid, emaj_tuple desc;
 col41 | col42 | col43 | col44 |   col45    | emaj_verb | emaj_tuple 
-------+-------+-------+-------+------------+-----------+------------
     1 | FK... |     1 |     1 | ABC        | INS       | NEW
     1 | FK... |     1 |     1 | ABC        | UPD       | OLD
     1 | FK... |     2 |     1 | ABC        | UPD       | NEW
     1 | FK... |     2 |     1 | ABC        | DEL       | OLD
     2 | FK... |     1 |     1 | ABC        | INS       | NEW
     2 | FK... |     1 |     1 | ABC        | UPD       | OLD
     2 | FK... |     2 |     1 | ABC        | UPD       | NEW
     2 | FK... |     2 |     1 | ABC        | DEL       | OLD
(8 rows)

--
-----------------------------
-- Step 2 : for myGroup2, rollback to mark Multi-1 (set before dump/restore) 
-----------------------------
select stat_group, stat_schema, stat_table, stat_first_mark, stat_last_mark, stat_rows from emaj.emaj_log_stat_group('myGroup2','Multi-1',NULL);
 stat_group | stat_schema | stat_table | stat_first_mark | stat_last_mark | stat_rows 
------------+-------------+------------+-----------------+----------------+-----------
 myGroup2   | myschema2   | mytbl1     | Multi-1         |                |        28
 myGroup2   | myschema2   | mytbl2     | Multi-1         |                |         3
 myGroup2   | myschema2   | myTbl3     | Multi-1         |                |        10
 myGroup2   | myschema2   | mytbl4     | Multi-1         |                |         2
(4 rows)

select emaj.emaj_rollback_group('myGroup2','Multi-1');
 emaj_rollback_group 
---------------------
                   6
(1 row)

--
-----------------------------
-- Checking step 2
-----------------------------
-- emaj tables
select mark_id, mark_group, regexp_replace(mark_name,E'\\d\\d\.\\d\\d\\.\\d\\d\\.\\d\\d\\d','%','g'), mark_time_id, mark_is_deleted, mark_is_rlbk_protected, mark_comment, mark_log_rows_before_next, mark_logged_rlbk_target_mark from emaj.emaj_mark order by mark_id;
 mark_id |    mark_group    |        regexp_replace        | mark_time_id | mark_is_deleted | mark_is_rlbk_protected | mark_comment | mark_log_rows_before_next | mark_logged_rlbk_target_mark 
---------+------------------+------------------------------+--------------+-----------------+------------------------+--------------+---------------------------+------------------------------
       2 | myGroup2         | M1                           |            5 | f               | f                      |              |                        27 | 
       3 | phil's group#3", | M1                           |            6 | f               | f                      |              |                           | 
       6 | myGroup2         | M2                           |           11 | f               | f                      |              |                         4 | 
       7 | myGroup2         | M3                           |           12 | f               | f                      |              |                         0 | 
      18 | myGroup1         | M4                           |           23 | f               | f                      |              |                         0 | 
      19 | myGroup1         | M5                           |           24 | f               | f                      |              |                         3 | 
      23 | myGroup1         | Before logged rollback to M4 |           30 | f               | f                      |              |                         3 | 
      25 | myGroup1         | Multi-1                      |           32 | f               | f                      |              |                           | 
      26 | myGroup2         | Multi-1                      |           32 | f               | f                      |              |                           | 
(9 rows)

select sequ_schema, sequ_name, sequ_time_id, sequ_last_val, sequ_is_called from emaj.emaj_sequence order by sequ_time_id, sequ_schema, sequ_name;
  sequ_schema   |             sequ_name              | sequ_time_id | sequ_last_val | sequ_is_called 
----------------+------------------------------------+--------------+---------------+----------------
 emaj           | myschema2_mytbl1_log_seq           |            5 |             1 | f
 emaj           | myschema2_mytbl2_log_seq           |            5 |             1 | f
 emaj           | myschema2_myTbl3_log_seq           |            5 |             1 | f
 emaj           | myschema2_mytbl4_log_seq           |            5 |             1 | f
 myschema2      | myseq1                             |            5 |          1000 | f
 myschema2      | myTbl3_col31_seq                   |            5 |             1 | f
 emaj           | phil's schema3_myTbl2\_log_seq     |            6 |             1 | f
 emaj           | phil's schema3_phil's tbl1_log_seq |            6 |             1 | f
 phil's schema3 | phil's seq\1                       |            6 |          1000 | f
 emaj           | myschema2_mytbl1_log_seq           |           11 |            15 | t
 emaj           | myschema2_mytbl2_log_seq           |           11 |             2 | t
 emaj           | myschema2_myTbl3_log_seq           |           11 |            10 | t
 emaj           | myschema2_mytbl4_log_seq           |           11 |             1 | f
 myschema2      | myseq1                             |           11 |          1000 | t
 myschema2      | myTbl3_col31_seq                   |           11 |            10 | t
 emaj           | myschema2_mytbl1_log_seq           |           12 |            15 | t
 emaj           | myschema2_mytbl2_log_seq           |           12 |             2 | t
 emaj           | myschema2_myTbl3_log_seq           |           12 |            10 | t
 emaj           | myschema2_mytbl4_log_seq           |           12 |             4 | t
 myschema2      | myseq1                             |           12 |          1003 | t
 myschema2      | myTbl3_col31_seq                   |           12 |            10 | t
 emaj           | myschema1_mytbl1_log_seq           |           23 |            41 | t
 emaj           | myschema1_mytbl2b_log_seq          |           23 |             5 | t
 emaj           | myschema1_mytbl2_log_seq           |           23 |             4 | t
 emaj           | myschema1_mytbl4_log_seq           |           23 |            11 | t
 myschema1      | myTbl3_col31_seq                   |           23 |            10 | t
 emaj           | myschema1_mytbl1_log_seq           |           24 |            41 | t
 emaj           | myschema1_mytbl2b_log_seq          |           24 |             5 | t
 emaj           | myschema1_mytbl2_log_seq           |           24 |             4 | t
 emaj           | myschema1_mytbl4_log_seq           |           24 |            11 | t
 myschema1      | myTbl3_col31_seq                   |           24 |            10 | t
 emaj           | myschema1_mytbl1_log_seq           |           30 |            43 | t
 emaj           | myschema1_mytbl2b_log_seq          |           30 |             5 | t
 emaj           | myschema1_mytbl2_log_seq           |           30 |             4 | t
 emaj           | myschema1_mytbl4_log_seq           |           30 |            15 | t
 myschema1      | myTbl3_col31_seq                   |           30 |            10 | t
 emaj           | myschema1_mytbl1_log_seq           |           32 |            44 | t
 emaj           | myschema1_mytbl2b_log_seq          |           32 |             5 | t
 emaj           | myschema1_mytbl2_log_seq           |           32 |             4 | t
 emaj           | myschema1_mytbl4_log_seq           |           32 |            17 | t
 emaj           | myschema2_mytbl1_log_seq           |           32 |            15 | t
 emaj           | myschema2_mytbl2_log_seq           |           32 |             2 | t
 emaj           | myschema2_myTbl3_log_seq           |           32 |            10 | t
 emaj           | myschema2_mytbl4_log_seq           |           32 |            10 | t
 myschema1      | myTbl3_col31_seq                   |           32 |            10 | t
 myschema2      | myseq1                             |           32 |          1004 | f
 myschema2      | myTbl3_col31_seq                   |           32 |            10 | t
(47 rows)

select time_id, time_last_emaj_gid, time_event from emaj.emaj_time_stamp order by time_id;
 time_id | time_last_emaj_gid | time_event 
---------+--------------------+------------
       1 |                  0 | C
       2 |                  0 | C
       3 |                  0 | C
       4 |                  0 | M
       5 |                  0 | M
       6 |                  0 | M
       7 |                 29 | M
       8 |                 40 | M
       9 |                 46 | R
      10 |                 49 | R
      11 |                 77 | M
      12 |                 81 | M
      13 |                 81 | R
      14 |                 83 | M
      15 |                 83 | R
      16 |                 85 | M
      17 |                 85 | M
      18 |                 85 | A
      19 |                 85 | R
      20 |                 85 | R
      21 |                 92 | M
      22 |                 92 | A
      23 |                106 | M
      24 |                106 | M
      25 |                106 | M
      26 |                106 | R
      27 |                108 | M
      28 |                108 | R
      29 |                111 | R
      30 |                114 | R
      31 |                117 | M
      32 |                117 | M
      33 |                193 | M
      34 |                193 | R
(34 rows)

-- user tables
select * from mySchema2.myTbl1 order by col11,col12;
 col11 |   col12    | col13 
-------+------------+-------
     1 | ABC        | \x1c
     2 | ABC        | \x1c
     3 | ABC        | \x1c
     4 | ABC        | \x0c
     5 | ABC        | \x0c
     6 | ABC        | \x0c
     7 | ABC        | \x0c
     8 | ABC        | \x0c
     9 | ABC        | \x0c
    10 | ABC        | \x0c
(10 rows)

select * from mySchema2.myTbl2 order by col21;
 col21 | col22 |   col23    
-------+-------+------------
     1 | ABC   | 2010-01-01
     2 | DEF   | 
(2 rows)

select col31,col33 from mySchema2."myTbl3" order by col31;
 col31 | col33 
-------+-------
     1 | 10.00
     2 | 10.00
     3 | 10.00
     4 | 10.00
     5 | 10.00
     6 | 10.00
     7 | 10.00
     8 | 10.00
     9 | 10.00
    10 | 10.00
(10 rows)

select * from mySchema2.myTbl4 order by col41;
 col41 | col42 | col43 | col44 |   col45    
-------+-------+-------+-------+------------
     1 | FK... |     2 |     1 | ABC       
     2 | FK... |     2 |     1 | ABC       
(2 rows)

-- log tables
select col11, col12, col13, emaj_verb, emaj_tuple from emaj.mySchema2_myTbl1_log order by emaj_gid, emaj_tuple desc;
 col11 |   col12    | col13 | emaj_verb | emaj_tuple 
-------+------------+-------+-----------+------------
     1 | ABC        | \x0c  | INS       | NEW
     2 | ABC        | \x0c  | INS       | NEW
     3 | ABC        | \x0c  | INS       | NEW
     4 | ABC        | \x0c  | INS       | NEW
     5 | ABC        | \x0c  | INS       | NEW
     6 | ABC        | \x0c  | INS       | NEW
     7 | ABC        | \x0c  | INS       | NEW
     8 | ABC        | \x0c  | INS       | NEW
     9 | ABC        | \x0c  | INS       | NEW
    10 | ABC        | \x0c  | INS       | NEW
    11 | ABC        | \x0c  | INS       | NEW
     1 | ABC        | \x0c  | UPD       | OLD
     1 | ABC        | \x1c  | UPD       | NEW
     2 | ABC        | \x0c  | UPD       | OLD
     2 | ABC        | \x1c  | UPD       | NEW
     3 | ABC        | \x0c  | UPD       | OLD
     3 | ABC        | \x1c  | UPD       | NEW
    11 | ABC        | \x0c  | DEL       | OLD
(18 rows)

select col21, col22, col23, emaj_verb, emaj_tuple from emaj.mySchema2_myTbl2_log order by emaj_gid, emaj_tuple desc;
 col21 | col22 |   col23    | emaj_verb | emaj_tuple 
-------+-------+------------+-----------+------------
     1 | ABC   | 2010-01-01 | INS       | NEW
     2 | DEF   |            | INS       | NEW
(2 rows)

select col31, col33, emaj_verb, emaj_tuple from "emajC"."myschema2_myTbl3_log" order by emaj_gid, emaj_tuple desc;
ERROR:  relation "emajC.myschema2_myTbl3_log" does not exist
LINE 1: select col31, col33, emaj_verb, emaj_tuple from "emajC"."mys...
                                                        ^
select col41, col42, col43, col44, col45, emaj_verb, emaj_tuple from emaj.mySchema2_myTbl4_log order by emaj_gid, emaj_tuple desc;
 col41 | col42 | col43 | col44 |   col45    | emaj_verb | emaj_tuple 
-------+-------+-------+-------+------------+-----------+------------
     1 | FK... |     1 |     1 | ABC        | INS       | NEW
     2 | FK... |     1 |     1 | ABC        | INS       | NEW
     1 | FK... |     1 |     1 | ABC        | UPD       | OLD
     1 | FK... |     2 |     1 | ABC        | UPD       | NEW
     2 | FK... |     1 |     1 | ABC        | UPD       | OLD
     2 | FK... |     2 |     1 | ABC        | UPD       | NEW
(6 rows)

--
-----------------------------
-- Step 3 : stop myGroup2
-----------------------------
select emaj.emaj_stop_group('myGroup2');
 emaj_stop_group 
-----------------
               6
(1 row)

--
-----------------------------
-- test end: check and reset history
-----------------------------
select count(*) from emaj.emaj_hist;
 count 
-------
    33
(1 row)

--select hist_id, hist_function, hist_event, hist_object, regexp_replace(regexp_replace(hist_wording,E'\\d\\d\.\\d\\d\\.\\d\\d\\.\\d\\d\\d','%','g'),E'\\[.+\\]','(timestamp)','g'), hist_user from 
--  (select * from emaj.emaj_hist order by hist_id) as t;
--
truncate emaj.emaj_hist;
TRUNCATE TABLE
alter sequence emaj.emaj_hist_hist_id_seq restart 30000;
ALTER SEQUENCE
