SET
SET
SET
SET
SET
SET
CREATE SCHEMA
ALTER SCHEMA
COMMENT
CREATE SCHEMA
ALTER SCHEMA
CREATE SCHEMA
ALTER SCHEMA
CREATE SCHEMA
ALTER SCHEMA
CREATE SCHEMA
ALTER SCHEMA
CREATE SCHEMA
ALTER SCHEMA
CREATE SCHEMA
ALTER SCHEMA
CREATE SCHEMA
ALTER SCHEMA
CREATE EXTENSION
COMMENT
CREATE EXTENSION
COMMENT
CREATE EXTENSION
COMMENT
CREATE EXTENSION
COMMENT
SET
CREATE FUNCTION
ALTER FUNCTION
CREATE FUNCTION
ALTER FUNCTION
CREATE FUNCTION
ALTER FUNCTION
CREATE FUNCTION
ALTER FUNCTION
CREATE FUNCTION
ALTER FUNCTION
CREATE FUNCTION
ALTER FUNCTION
CREATE FUNCTION
ALTER FUNCTION
CREATE FUNCTION
ALTER FUNCTION
SET
CREATE FUNCTION
ALTER FUNCTION
CREATE FUNCTION
ALTER FUNCTION
SET
CREATE FUNCTION
ALTER FUNCTION
SET
CREATE FUNCTION
ALTER FUNCTION
SET
CREATE FUNCTION
ALTER FUNCTION
SET
ERROR:  function "_emaj_protection_event_trigger_fnct" already exists with same argument types
ALTER FUNCTION
COMMENT
SET
SET
SET
CREATE TABLE
ALTER TABLE
CREATE SEQUENCE
ALTER TABLE
SET
CREATE TABLE
ALTER TABLE
CREATE SEQUENCE
ALTER TABLE
CREATE TABLE
ALTER TABLE
CREATE SEQUENCE
ALTER TABLE
SET
CREATE TABLE
ALTER TABLE
CREATE SEQUENCE
ALTER TABLE
CREATE TABLE
ALTER TABLE
CREATE SEQUENCE
ALTER TABLE
CREATE TABLE
ALTER TABLE
CREATE SEQUENCE
ALTER TABLE
CREATE TABLE
ALTER TABLE
CREATE SEQUENCE
ALTER TABLE
CREATE TABLE
ALTER TABLE
CREATE SEQUENCE
ALTER TABLE
SET
SET
CREATE TABLE
ALTER TABLE
CREATE SEQUENCE
ALTER TABLE
SET
CREATE TABLE
ALTER TABLE
CREATE SEQUENCE
ALTER TABLE
SET
SET
CREATE TABLE
ALTER TABLE
CREATE SEQUENCE
ALTER TABLE
SET
SET
CREATE TABLE
ALTER TABLE
CREATE SEQUENCE
ALTER TABLE
ALTER SEQUENCE
CREATE TABLE
ALTER TABLE
CREATE TABLE
ALTER TABLE
CREATE TABLE
ALTER TABLE
CREATE SEQUENCE
ALTER TABLE
ALTER SEQUENCE
CREATE TABLE
ALTER TABLE
SET
CREATE TABLE
ALTER TABLE
CREATE SEQUENCE
ALTER TABLE
ALTER SEQUENCE
CREATE SEQUENCE
ALTER TABLE
CREATE TABLE
ALTER TABLE
CREATE TABLE
ALTER TABLE
CREATE TABLE
ALTER TABLE
CREATE TABLE
ALTER TABLE
CREATE TABLE
ALTER TABLE
CREATE TABLE
ALTER TABLE
CREATE TABLE
ALTER TABLE
SET
CREATE TABLE
ALTER TABLE
CREATE TABLE
ALTER TABLE
CREATE TABLE
ALTER TABLE
CREATE TABLE
ALTER TABLE
CREATE TABLE
ALTER TABLE
ALTER TABLE
CREATE TABLE
ALTER TABLE
ALTER TABLE
SET
SET
CREATE TABLE
ALTER TABLE
SET
CREATE TABLE
ALTER TABLE
SET
CREATE TABLE
ALTER TABLE
CREATE SEQUENCE
ALTER TABLE
ALTER SEQUENCE
CREATE TABLE
ALTER TABLE
CREATE SEQUENCE
ALTER TABLE
CREATE TABLE
ALTER TABLE
SET
ALTER TABLE
ALTER TABLE
SET
ALTER TABLE
SET
ALTER TABLE
SET
COPY 295
COPY 16
 setval 
--------
 100565
(1 row)

COPY 2
COPY 30
COPY 70
 setval 
--------
  20071
(1 row)

COPY 12
 setval 
--------
  20004
(1 row)

COPY 2
ERROR:  duplicate key value violates unique constraint "emaj_schema_pkey"
DETAIL:  Key (sch_name)=(emaj) already exists.
CONTEXT:  COPY emaj_schema, line 1
ERROR:  insert or update on table "emaj_relation" violates foreign key constraint "emaj_relation_rel_log_schema_fkey"
DETAIL:  Key (rel_log_schema)=(emajC) is not present in table "emaj_schema".
COPY 62
COPY 239
 setval 
--------
  20001
(1 row)

COPY 31
COPY 217
COPY 11
COPY 90
 setval 
--------
  20003
(1 row)

COPY 2
 setval 
--------
    204
(1 row)

COPY 0
 setval 
--------
     24
(1 row)

COPY 4
 setval 
--------
     23
(1 row)

COPY 20
 setval 
--------
     35
(1 row)

COPY 4
 setval 
--------
      6
(1 row)

COPY 4
 setval 
--------
     14
(1 row)

COPY 46
 setval 
--------
     60
(1 row)

COPY 8
 setval 
--------
     14
(1 row)

SET
COPY 45
 setval 
--------
     95
(1 row)

COPY 20
 setval 
--------
     30
(1 row)

SET
COPY 0
 setval 
--------
      1
(1 row)

SET
COPY 5
 setval 
--------
     21
(1 row)

COPY 20
COPY 3
COPY 0
 setval 
--------
      3
(1 row)

COPY 0
SET
COPY 10
 setval 
--------
     20
(1 row)

 setval 
--------
   1004
(1 row)

COPY 10
COPY 2
COPY 2
COPY 1
COPY 6
COPY 101
COPY 1
SET
COPY 0
COPY 0
COPY 0
COPY 0
COPY 0
COPY 0
SET
COPY 0
COPY 0
SET
COPY 2
 setval 
--------
      1
(1 row)

COPY 2
 setval 
--------
   1000
(1 row)

COPY 19
SET
ALTER TABLE
ALTER TABLE
ALTER TABLE
ALTER TABLE
ALTER TABLE
SET
ALTER TABLE
ALTER TABLE
ALTER TABLE
ALTER TABLE
ALTER TABLE
ALTER TABLE
ALTER TABLE
ALTER TABLE
SET
ALTER TABLE
ALTER TABLE
ALTER TABLE
ALTER TABLE
ALTER TABLE
SET
ALTER TABLE
ALTER TABLE
SET
ALTER TABLE
ALTER TABLE
ALTER TABLE
SET
CREATE INDEX
ALTER TABLE
SET
CREATE INDEX
ALTER TABLE
SET
CREATE INDEX
ALTER TABLE
SET
CREATE INDEX
ALTER TABLE
CREATE INDEX
ALTER TABLE
CREATE INDEX
ALTER TABLE
CREATE INDEX
ALTER TABLE
CREATE INDEX
ALTER TABLE
SET
CREATE INDEX
ALTER TABLE
CREATE INDEX
ALTER TABLE
SET
SET
CREATE INDEX
ALTER TABLE
SET
SET
CREATE INDEX
CREATE INDEX
SET
CREATE INDEX
SET
CREATE TRIGGER
CREATE TRIGGER
CREATE TRIGGER
CREATE TRIGGER
CREATE TRIGGER
CREATE TRIGGER
CREATE TRIGGER
CREATE TRIGGER
CREATE TRIGGER
CREATE TRIGGER
CREATE TRIGGER
ALTER TABLE
SET
CREATE TRIGGER
CREATE TRIGGER
CREATE TRIGGER
CREATE TRIGGER
CREATE TRIGGER
CREATE TRIGGER
CREATE TRIGGER
CREATE TRIGGER
CREATE TRIGGER
CREATE TRIGGER
CREATE TRIGGER
CREATE TRIGGER
SET
CREATE TRIGGER
SET
ALTER TABLE
ALTER TABLE
SET
ALTER TABLE
ALTER TABLE
ALTER TABLE
ALTER TABLE
SET
ALTER TABLE
ALTER TABLE
ERROR:  event trigger "emaj_protection_trg" already exists
ALTER EVENT TRIGGER
COMMENT
REVOKE
REVOKE
GRANT
GRANT
GRANT
REVOKE
REVOKE
GRANT
GRANT
GRANT
REVOKE
REVOKE
GRANT
GRANT
GRANT
REVOKE
REVOKE
GRANT
REVOKE
REVOKE
GRANT
REVOKE
REVOKE
GRANT
REVOKE
REVOKE
GRANT
REVOKE
REVOKE
GRANT
REVOKE
REVOKE
GRANT
GRANT
SET
REVOKE
REVOKE
GRANT
GRANT
GRANT
REVOKE
REVOKE
GRANT
GRANT
GRANT
REVOKE
REVOKE
GRANT
GRANT
GRANT
REVOKE
REVOKE
GRANT
GRANT
GRANT
REVOKE
REVOKE
GRANT
GRANT
GRANT
REVOKE
REVOKE
GRANT
GRANT
GRANT
REVOKE
REVOKE
GRANT
GRANT
GRANT
REVOKE
REVOKE
GRANT
GRANT
GRANT
REVOKE
REVOKE
GRANT
GRANT
GRANT
REVOKE
REVOKE
GRANT
GRANT
GRANT
REVOKE
REVOKE
GRANT
GRANT
GRANT
REVOKE
REVOKE
GRANT
GRANT
GRANT
REVOKE
REVOKE
GRANT
GRANT
GRANT
REVOKE
REVOKE
GRANT
GRANT
GRANT
REVOKE
REVOKE
GRANT
GRANT
GRANT
REVOKE
REVOKE
GRANT
GRANT
GRANT
SET
REVOKE
REVOKE
GRANT
GRANT
GRANT
REVOKE
REVOKE
GRANT
GRANT
GRANT
REVOKE
REVOKE
GRANT
GRANT
GRANT
REVOKE
REVOKE
GRANT
GRANT
GRANT
SET
REVOKE
REVOKE
GRANT
GRANT
GRANT
REVOKE
REVOKE
GRANT
GRANT
GRANT
SET
REVOKE
REVOKE
GRANT
REVOKE
REVOKE
GRANT
REVOKE
REVOKE
GRANT
REVOKE
REVOKE
GRANT
REVOKE
REVOKE
GRANT
REVOKE
REVOKE
GRANT
REVOKE
REVOKE
GRANT
SET
REVOKE
REVOKE
GRANT
REVOKE
REVOKE
GRANT
REVOKE
REVOKE
GRANT
REVOKE
REVOKE
GRANT
REVOKE
REVOKE
GRANT
REVOKE
REVOKE
GRANT
REVOKE
REVOKE
GRANT
REVOKE
REVOKE
GRANT
REVOKE
REVOKE
GRANT
REVOKE
REVOKE
GRANT
SET
REVOKE
REVOKE
GRANT
REVOKE
REVOKE
GRANT
REVOKE
REVOKE
GRANT
REVOKE
REVOKE
GRANT
REVOKE
REVOKE
GRANT
SET
REVOKE
REVOKE
GRANT
REVOKE
REVOKE
GRANT
REVOKE
REVOKE
GRANT
REVOKE
REVOKE
GRANT
REVOKE
REVOKE
GRANT
