-- check.sql: Perform various checks on the installed E-Maj components.
--            Also appreciate the regression test coverage.
--
-----------------------------
-- count all functions in emaj schema and functions callable by users (emaj_xxx)
-----------------------------
select count(*) from pg_proc, pg_namespace 
  where pg_namespace.oid=pronamespace and nspname = 'emaj' and (proname like E'emaj\\_%' or proname like E'\\_%');
 count 
-------
   147
(1 row)

select count(*) from pg_proc, pg_namespace 
  where pg_namespace.oid=pronamespace and nspname = 'emaj' and proname like E'emaj\\_%';
 count 
-------
    67
(1 row)

-----------------------------
-- check that no function has kept its default rights to public
-----------------------------
-- should return no row
select proname, proacl from pg_proc, pg_namespace 
  where pg_namespace.oid=pronamespace
    and nspname = 'emaj' and proname not like '%_log_fnct'
    and proacl is null;
 proname | proacl 
---------+--------
(0 rows)

-----------------------------
-- check that no user function has the default comment
-----------------------------
-- should return no row
select pg_proc.proname
  from pg_proc
    join pg_namespace on (pronamespace=pg_namespace.oid)
    left outer join pg_description on (pg_description.objoid = pg_proc.oid 
                     and classoid = (select oid from pg_class where relname = 'pg_proc')
                     and objsubid=0)
  where nspname = 'emaj' and proname like E'emaj\\_%' and 
        pg_description.description = 'E-Maj internal function';
 proname 
---------
(0 rows)

-----------------------------
-- perform various consistency checks on technical tables
-----------------------------
-- no row in emaj_schema not linked to a relation assigned to a group (to complement the fkey between emaj_relation and emaj_schema)
select sch_name from emaj.emaj_schema where sch_name not in (select distinct rel_log_schema from emaj.emaj_relation);
 sch_name 
----------
(0 rows)

-----------------------------
-- get test coverage data just before cleanup
-----------------------------
-- wait to let the statistics collector aggregate the latest stats
select pg_sleep(1.5);
 pg_sleep 
----------
 
(1 row)

-- display the functions that are not called by any regression test script
--   (_forbid_truncate_fnct is actualy executed but not counted in statistics)
--   (_rlbk_error is not executed in regression tests - rare cases difficult to simulate)
select nspname, proname from pg_proc, pg_namespace
  where pronamespace = pg_namespace.oid
    and nspname = 'emaj' and (proname like E'emaj\\_%' or proname like E'\\_%')
except
select schemaname, funcname from pg_stat_user_functions
  where schemaname = 'emaj' and (funcname like E'emaj\\_%' or funcname like E'\\_%')
order by 1,2;
 nspname |        proname        
---------+-----------------------
 emaj    | _forbid_truncate_fnct
 emaj    | _rlbk_error
(2 rows)

-- display the number of calls for each emaj function (
--   (_pg_version_num() is excluded as it is an sql immutable function that may thus be inlined and not always counted in statistics
--    _verify_groups() is also excluded as the number of call is not stable)
select funcname, calls from pg_stat_user_functions
  where schemaname = 'emaj' and (funcname like E'emaj\\_%' or funcname like E'\\_%')
    and funcname <> '_pg_version_num' and funcname <> '_verify_groups'
  order by funcname, funcid;
                 funcname                  | calls 
-------------------------------------------+-------
 _add_seq                                  |    17
 _add_tbl                                  |    36
 _adjust_group_properties                  |    46
 _alter_exec                               |    73
 _alter_groups                             |    74
 _alter_plan                               |    75
 _assign_sequences                         |    14
 _assign_tables                            |    20
 _change_log_data_tsp_tbl                  |    19
 _change_log_index_tsp_tbl                 |    11
 _check_conf_groups                        |   121
 _check_fk_groups                          |   237
 _check_group_names                        |  1025
 _check_mark_name                          |   351
 _check_marks_range                        |   113
 _check_new_mark                           |   319
 _cleanup_rollback_state                   |   317
 _create_log_schemas                       |   103
 _create_log_trigger                       |   171
 _create_seq                               |    59
 _create_tbl                               |   171
 _dblink_close_cnx                         |    69
 _dblink_open_cnx                          |    84
 _dblink_sql_exec                          |  2052
 _delete_before_mark_group                 |    20
 _delete_between_marks_group               |    13
 _delete_intermediate_mark_group           |    23
 _delete_log_tbl                           |    49
 _detailed_log_stat_groups                 |    33
 _disable_event_triggers                   |   319
 _drop_group                               |    33
 _drop_log_schemas                         |   178
 _drop_seq                                 |    64
 _drop_tbl                                 |   210
 _emaj_group_def_change_fnct               |   315
 _enable_event_triggers                    |   315
 _estimate_rollback_groups                 |    13
 _event_trigger_sql_drop_fnct              |   115
 _event_trigger_table_rewrite_fnct         |   120
 _gen_sql_groups                           |    23
 _gen_sql_tbl                              |    43
 _get_current_sequence_state               |  2473
 _get_default_tablespace                   |    11
 _get_previous_mark_group                  |    37
 _lock_groups                              |   255
 _log_stat_groups                          |    31
 _log_stat_tbl                             |  4927
 _log_truncate_fnct                        |     2
 _move_seq                                 |     5
 _move_tables                              |    14
 _move_tbl                                 |    26
 _purge_hist                               |    72
 _remove_seq                               |    23
 _remove_sequences                         |    12
 _remove_tables                            |    14
 _remove_tbl                               |    56
 _reset_groups                             |   104
 _rlbk_async                               |     2
 _rlbk_check                               |    96
 _rlbk_end                                 |    75
 _rlbk_groups                              |    70
 _rlbk_init                                |    76
 _rlbk_planning                            |    89
 _rlbk_seq                                 |   175
 _rlbk_session_exec                        |    82
 _rlbk_session_lock                        |    82
 _rlbk_set_batch_number                    |   202
 _rlbk_start_mark                          |    76
 _rlbk_tbl                                 |   131
 _rollback_activity                        |    17
 _set_mark_groups                          |   301
 _set_time_stamp                           |   483
 _start_groups                             |    51
 _stop_groups                              |    67
 _verify_all_groups                        |    42
 _verify_all_schemas                       |    42
 emaj_alter_group                          |    56
 emaj_alter_groups                         |    18
 emaj_assign_sequence                      |     2
 emaj_assign_sequences                     |     6
 emaj_assign_sequences                     |     6
 emaj_assign_table                         |     4
 emaj_assign_tables                        |     6
 emaj_assign_tables                        |    10
 emaj_cleanup_rollback_state               |    10
 emaj_comment_group                        |     5
 emaj_comment_mark_group                   |    10
 emaj_consolidate_rollback_group           |    13
 emaj_create_group                         |    36
 emaj_delete_before_mark_group             |    16
 emaj_delete_mark_group                    |    28
 emaj_detailed_log_stat_group              |    26
 emaj_detailed_log_stat_groups             |     5
 emaj_disable_protection_by_event_triggers |    10
 emaj_drop_group                           |    28
 emaj_enable_protection_by_event_triggers  |    10
 emaj_estimate_rollback_group              |     9
 emaj_estimate_rollback_groups             |     4
 emaj_force_drop_group                     |     5
 emaj_force_stop_group                     |    15
 emaj_gen_sql_group                        |    17
 emaj_gen_sql_groups                       |     6
 emaj_get_consolidable_rollbacks           |    10
 emaj_get_current_log_table                |     4
 emaj_get_previous_mark_group              |     8
 emaj_get_previous_mark_group              |     9
 emaj_ignore_app_trigger                   |    14
 emaj_log_stat_group                       |    23
 emaj_log_stat_groups                      |     5
 emaj_logged_rollback_group                |     7
 emaj_logged_rollback_group                |    16
 emaj_logged_rollback_groups               |     4
 emaj_logged_rollback_groups               |     3
 emaj_move_table                           |     2
 emaj_move_tables                          |     4
 emaj_move_tables                          |     8
 emaj_protect_group                        |     8
 emaj_protect_mark_group                   |    11
 emaj_remove_sequence                      |     3
 emaj_remove_sequences                     |     5
 emaj_remove_sequences                     |     4
 emaj_remove_table                         |     3
 emaj_remove_tables                        |     6
 emaj_remove_tables                        |     5
 emaj_rename_mark_group                    |    22
 emaj_reset_group                          |     7
 emaj_rollback_activity                    |     6
 emaj_rollback_group                       |    10
 emaj_rollback_group                       |    19
 emaj_rollback_groups                      |     4
 emaj_rollback_groups                      |     7
 emaj_set_mark_group                       |    70
 emaj_set_mark_groups                      |    18
 emaj_snap_group                           |    13
 emaj_snap_log_group                       |    12
 emaj_start_group                          |    39
 emaj_start_groups                         |    12
 emaj_stop_group                           |    41
 emaj_stop_groups                          |    11
 emaj_sync_def_group                       |     9
 emaj_unprotect_group                      |     8
 emaj_unprotect_mark_group                 |     6
 emaj_verify_all                           |    42
(143 rows)

-- count the total number of user-callable function calls (those who failed are not counted)
select sum(calls) from pg_stat_user_functions where funcname like E'emaj\\_%';
 sum 
-----
 879
(1 row)

-----------------------------
-- execute the perl script that checks the code
-----------------------------
\! perl ${EMAJ_DIR}/tools/check_code.pl | grep -P '^WARNING:|^ERROR:'
