psql: FATAL:  database "regression" does not exist
