SET
SET
SET
SET
SET
 set_config 
------------
 
(1 row)

SET
SET
SET
CREATE SCHEMA
ALTER SCHEMA
COMMENT
CREATE SCHEMA
ALTER SCHEMA
CREATE SCHEMA
ALTER SCHEMA
CREATE SCHEMA
ALTER SCHEMA
CREATE SCHEMA
ALTER SCHEMA
CREATE SCHEMA
ALTER SCHEMA
CREATE SCHEMA
ALTER SCHEMA
CREATE SCHEMA
ALTER SCHEMA
CREATE SCHEMA
ALTER SCHEMA
CREATE SCHEMA
ALTER SCHEMA
CREATE EXTENSION
COMMENT
CREATE EXTENSION
COMMENT
CREATE EXTENSION
COMMENT
CREATE FUNCTION
ALTER FUNCTION
CREATE FUNCTION
ALTER FUNCTION
CREATE FUNCTION
ALTER FUNCTION
CREATE FUNCTION
ALTER FUNCTION
CREATE FUNCTION
ALTER FUNCTION
CREATE FUNCTION
ALTER FUNCTION
CREATE FUNCTION
ALTER FUNCTION
CREATE FUNCTION
ALTER FUNCTION
CREATE FUNCTION
ALTER FUNCTION
CREATE FUNCTION
ALTER FUNCTION
CREATE FUNCTION
ALTER FUNCTION
CREATE FUNCTION
ALTER FUNCTION
CREATE FUNCTION
ALTER FUNCTION
ERROR:  function "_emaj_protection_event_trigger_fnct" already exists with same argument types
ALTER FUNCTION
COMMENT
SET
SET
CREATE TABLE
ALTER TABLE
CREATE TABLE
ALTER TABLE
SET
CREATE TABLE
ALTER TABLE
CREATE SEQUENCE
ALTER TABLE
CREATE TABLE
ALTER TABLE
CREATE SEQUENCE
ALTER TABLE
CREATE TABLE
ALTER TABLE
CREATE SEQUENCE
ALTER TABLE
CREATE TABLE
ALTER TABLE
CREATE SEQUENCE
ALTER TABLE
CREATE TABLE
ALTER TABLE
CREATE SEQUENCE
ALTER TABLE
CREATE TABLE
ALTER TABLE
CREATE SEQUENCE
ALTER TABLE
CREATE TABLE
ALTER TABLE
CREATE SEQUENCE
ALTER TABLE
CREATE TABLE
ALTER TABLE
CREATE SEQUENCE
ALTER TABLE
CREATE TABLE
ALTER TABLE
CREATE SEQUENCE
ALTER TABLE
CREATE TABLE
ALTER TABLE
CREATE SEQUENCE
ALTER TABLE
SET
CREATE TABLE
ALTER TABLE
CREATE SEQUENCE
ALTER TABLE
ALTER SEQUENCE
CREATE TABLE
ALTER TABLE
CREATE TABLE
ALTER TABLE
CREATE TABLE
ALTER TABLE
CREATE SEQUENCE
ALTER TABLE
ALTER SEQUENCE
CREATE TABLE
ALTER TABLE
CREATE TABLE
ALTER TABLE
CREATE SEQUENCE
ALTER TABLE
ALTER SEQUENCE
CREATE SEQUENCE
ALTER TABLE
CREATE SEQUENCE
ALTER TABLE
CREATE TABLE
ALTER TABLE
CREATE TABLE
ALTER TABLE
CREATE TABLE
ALTER TABLE
CREATE TABLE
ALTER TABLE
CREATE TABLE
ALTER TABLE
CREATE TABLE
ALTER TABLE
CREATE TABLE
ALTER TABLE
CREATE TABLE
ALTER TABLE
CREATE TABLE
ALTER TABLE
CREATE TABLE
ALTER TABLE
CREATE TABLE
ALTER TABLE
CREATE TABLE
ALTER TABLE
ALTER TABLE
CREATE TABLE
ALTER TABLE
ALTER TABLE
CREATE SEQUENCE
ALTER TABLE
ALTER SEQUENCE
SET
CREATE TABLE
ALTER TABLE
SET
CREATE TABLE
ALTER TABLE
CREATE TABLE
ALTER TABLE
CREATE TABLE
ALTER TABLE
CREATE TABLE
ALTER TABLE
CREATE TABLE
ALTER TABLE
CREATE TABLE
ALTER TABLE
CREATE SEQUENCE
ALTER TABLE
ALTER SEQUENCE
CREATE TABLE
ALTER TABLE
CREATE SEQUENCE
ALTER TABLE
CREATE TABLE
ALTER TABLE
ALTER TABLE
ALTER TABLE
ALTER TABLE
ALTER TABLE
ALTER TABLE
ALTER TABLE
ALTER TABLE
COPY 39
COPY 2
COPY 3
COPY 21
COPY 4
COPY 0
COPY 9
COPY 0
COPY 14
COPY 27
COPY 5
COPY 3
COPY 14
COPY 11
COPY 81
COPY 11
COPY 75
COPY 3
COPY 47
COPY 22
COPY 3
COPY 9
COPY 4
COPY 20
COPY 28
COPY 4
COPY 8
COPY 0
COPY 0
COPY 0
COPY 0
COPY 0
COPY 0
COPY 0
COPY 0
COPY 0
COPY 0
COPY 0
COPY 0
COPY 0
COPY 0
COPY 0
COPY 0
COPY 0
COPY 0
COPY 0
COPY 0
COPY 0
COPY 0
COPY 0
COPY 0
COPY 2
COPY 0
COPY 0
COPY 0
COPY 0
COPY 0
 setval 
--------
    178
(1 row)

 setval 
--------
  30003
(1 row)

 setval 
--------
     11
(1 row)

 setval 
--------
     39
(1 row)

 setval 
--------
     64
(1 row)

 setval 
--------
      7
(1 row)

 setval 
--------
     13
(1 row)

 setval 
--------
     17
(1 row)

 setval 
--------
     20
(1 row)

 setval 
--------
     25
(1 row)

 setval 
--------
      4
(1 row)

 setval 
--------
     12
(1 row)

 setval 
--------
      1
(1 row)

 setval 
--------
      1
(1 row)

 setval 
--------
     10
(1 row)

 setval 
--------
      7
(1 row)

 setval 
--------
     10
(1 row)

 setval 
--------
   9999
(1 row)

 setval 
--------
      1
(1 row)

 setval 
--------
      1
(1 row)

 setval 
--------
      1
(1 row)

 setval 
--------
   1000
(1 row)

ALTER TABLE
ALTER TABLE
ALTER TABLE
ALTER TABLE
ALTER TABLE
ALTER TABLE
ALTER TABLE
ALTER TABLE
ALTER TABLE
ALTER TABLE
ALTER TABLE
ALTER TABLE
ALTER TABLE
ALTER TABLE
ALTER TABLE
ALTER TABLE
ALTER TABLE
ALTER TABLE
ALTER TABLE
ALTER TABLE
ALTER TABLE
ALTER TABLE
ALTER TABLE
ALTER TABLE
ALTER TABLE
ALTER TABLE
SET
CREATE INDEX
ALTER TABLE
CREATE INDEX
ALTER TABLE
CREATE INDEX
ALTER TABLE
CREATE INDEX
ALTER TABLE
CREATE INDEX
ALTER TABLE
CREATE INDEX
ALTER TABLE
CREATE INDEX
ALTER TABLE
CREATE INDEX
ALTER TABLE
CREATE INDEX
ALTER TABLE
CREATE INDEX
ALTER TABLE
SET
CREATE INDEX
CREATE INDEX
CREATE INDEX
CREATE TRIGGER
CREATE TRIGGER
CREATE TRIGGER
CREATE TRIGGER
CREATE TRIGGER
CREATE TRIGGER
CREATE TRIGGER
CREATE TRIGGER
CREATE TRIGGER
CREATE TRIGGER
ALTER TABLE
CREATE TRIGGER
CREATE TRIGGER
CREATE TRIGGER
CREATE TRIGGER
CREATE TRIGGER
CREATE TRIGGER
CREATE TRIGGER
CREATE TRIGGER
CREATE TRIGGER
CREATE TRIGGER
CREATE TRIGGER
CREATE TRIGGER
CREATE TRIGGER
ALTER TABLE
ALTER TABLE
ALTER TABLE
ALTER TABLE
ALTER TABLE
ALTER TABLE
ERROR:  event trigger "emaj_protection_trg" already exists
ALTER EVENT TRIGGER
COMMENT
REVOKE
REVOKE
GRANT
GRANT
GRANT
REVOKE
REVOKE
GRANT
GRANT
GRANT
REVOKE
REVOKE
GRANT
GRANT
GRANT
REVOKE
REVOKE
GRANT
GRANT
GRANT
REVOKE
REVOKE
GRANT
REVOKE
REVOKE
GRANT
REVOKE
REVOKE
GRANT
REVOKE
REVOKE
GRANT
REVOKE
REVOKE
GRANT
REVOKE
REVOKE
GRANT
REVOKE
REVOKE
GRANT
GRANT
REVOKE
REVOKE
GRANT
GRANT
GRANT
REVOKE
REVOKE
GRANT
GRANT
GRANT
REVOKE
REVOKE
GRANT
GRANT
GRANT
REVOKE
REVOKE
GRANT
GRANT
GRANT
REVOKE
REVOKE
GRANT
GRANT
GRANT
REVOKE
REVOKE
GRANT
GRANT
GRANT
REVOKE
REVOKE
GRANT
GRANT
GRANT
REVOKE
REVOKE
GRANT
GRANT
GRANT
REVOKE
REVOKE
GRANT
GRANT
GRANT
REVOKE
REVOKE
GRANT
GRANT
GRANT
REVOKE
REVOKE
GRANT
GRANT
GRANT
REVOKE
REVOKE
GRANT
GRANT
GRANT
REVOKE
REVOKE
GRANT
GRANT
GRANT
REVOKE
REVOKE
GRANT
GRANT
GRANT
REVOKE
REVOKE
GRANT
GRANT
GRANT
REVOKE
REVOKE
GRANT
GRANT
GRANT
REVOKE
REVOKE
GRANT
GRANT
GRANT
REVOKE
REVOKE
GRANT
GRANT
GRANT
REVOKE
REVOKE
GRANT
GRANT
GRANT
REVOKE
REVOKE
GRANT
GRANT
GRANT
REVOKE
REVOKE
GRANT
REVOKE
REVOKE
GRANT
REVOKE
REVOKE
GRANT
REVOKE
REVOKE
GRANT
REVOKE
REVOKE
GRANT
REVOKE
REVOKE
GRANT
REVOKE
REVOKE
GRANT
REVOKE
REVOKE
GRANT
REVOKE
REVOKE
GRANT
REVOKE
REVOKE
GRANT
REVOKE
REVOKE
GRANT
REVOKE
REVOKE
GRANT
REVOKE
REVOKE
GRANT
REVOKE
REVOKE
GRANT
REVOKE
REVOKE
GRANT
REVOKE
REVOKE
GRANT
REVOKE
REVOKE
GRANT
REVOKE
REVOKE
GRANT
REVOKE
REVOKE
GRANT
REVOKE
REVOKE
GRANT
REVOKE
REVOKE
GRANT
REVOKE
REVOKE
GRANT
REVOKE
REVOKE
GRANT
REVOKE
REVOKE
GRANT
REVOKE
REVOKE
GRANT
REVOKE
REVOKE
GRANT
REVOKE
REVOKE
GRANT
REVOKE
REVOKE
GRANT
REVOKE
REVOKE
GRANT
REVOKE
REVOKE
GRANT
REVOKE
REVOKE
GRANT
REVOKE
REVOKE
GRANT
REVOKE
REVOKE
GRANT
REVOKE
REVOKE
GRANT
REVOKE
REVOKE
GRANT
REVOKE
REVOKE
GRANT
