-- install_previous.sql : install previous version of E-Maj as an extension
--
------------------------------------------------------------
-- install dblink
------------------------------------------------------------
CREATE EXTENSION dblink;
-----------------------------
-- for postgres cluster 9.1 and 9.4, temporarily rename tspemaj tablespace to test both cases
-----------------------------
DO LANGUAGE plpgsql 
$$
  DECLARE
  BEGIN
    IF substring (version() from E'PostgreSQL\\s(\\d+\\.\\d+)') IN ('9.1', '9.4') THEN
      ALTER TABLESPACE tspemaj RENAME TO tspemaj_renamed;
    END IF;
  END;
$$;
------------------------------------------------------------
-- emaj installation in 2.0.1 as extension
------------------------------------------------------------
CREATE EXTENSION emaj VERSION '2.0.1';
------------------------------------------------------------
-- check installation
------------------------------------------------------------
-- check impact in catalog
select extname, extversion from pg_extension where extname = 'emaj';
 extname | extversion 
---------+------------
 emaj    | 2.0.1
(1 row)

-- check the emaj_param content
SELECT param_value_text FROM emaj.emaj_param WHERE param_key = 'emaj_version';
 param_value_text 
------------------
 2.0.1
(1 row)

-- check history
select hist_id, hist_function, hist_event, hist_object, regexp_replace(regexp_replace(hist_wording,E'\\d\\d\.\\d\\d\\.\\d\\d\\.\\d\\d\\d','%','g'),E'\\[.+\\]','(timestamp)','g'), hist_user from 
  (select * from emaj.emaj_hist order by hist_id) as t;
 hist_id | hist_function | hist_event | hist_object |      regexp_replace      | hist_user 
---------+---------------+------------+-------------+--------------------------+-----------
       1 | EMAJ_INSTALL  |            | E-Maj 2.0.1 | Initialisation completed | postgres
(1 row)

