SET
SET
SET
SET
SET
SET
CREATE SCHEMA
ALTER SCHEMA
COMMENT
CREATE SCHEMA
ALTER SCHEMA
CREATE SCHEMA
ALTER SCHEMA
CREATE SCHEMA
ALTER SCHEMA
CREATE SCHEMA
ALTER SCHEMA
CREATE SCHEMA
ALTER SCHEMA
CREATE SCHEMA
ALTER SCHEMA
CREATE SCHEMA
ALTER SCHEMA
CREATE SCHEMA
ALTER SCHEMA
ALTER LANGUAGE
SET
CREATE TYPE
ALTER TYPE
CREATE TYPE
ALTER TYPE
CREATE TYPE
ALTER TYPE
COMMENT
CREATE TYPE
ALTER TYPE
COMMENT
CREATE TYPE
ALTER TYPE
COMMENT
CREATE TYPE
ALTER TYPE
COMMENT
SET
CREATE TYPE
ALTER TYPE
SET
CREATE FUNCTION
ALTER FUNCTION
COMMENT
CREATE FUNCTION
ALTER FUNCTION
COMMENT
CREATE FUNCTION
ALTER FUNCTION
COMMENT
CREATE FUNCTION
ALTER FUNCTION
COMMENT
CREATE FUNCTION
ALTER FUNCTION
COMMENT
CREATE FUNCTION
ALTER FUNCTION
COMMENT
CREATE FUNCTION
ALTER FUNCTION
COMMENT
CREATE FUNCTION
ALTER FUNCTION
COMMENT
CREATE FUNCTION
ALTER FUNCTION
COMMENT
CREATE FUNCTION
ALTER FUNCTION
COMMENT
CREATE FUNCTION
ALTER FUNCTION
COMMENT
CREATE FUNCTION
ALTER FUNCTION
COMMENT
CREATE FUNCTION
ALTER FUNCTION
COMMENT
CREATE FUNCTION
ALTER FUNCTION
COMMENT
CREATE FUNCTION
ALTER FUNCTION
COMMENT
CREATE FUNCTION
ALTER FUNCTION
COMMENT
CREATE FUNCTION
ALTER FUNCTION
COMMENT
CREATE FUNCTION
ALTER FUNCTION
COMMENT
CREATE FUNCTION
ALTER FUNCTION
COMMENT
CREATE FUNCTION
ALTER FUNCTION
COMMENT
CREATE FUNCTION
ALTER FUNCTION
COMMENT
CREATE FUNCTION
ALTER FUNCTION
COMMENT
CREATE FUNCTION
ALTER FUNCTION
COMMENT
CREATE FUNCTION
ALTER FUNCTION
COMMENT
CREATE FUNCTION
ALTER FUNCTION
COMMENT
CREATE FUNCTION
ALTER FUNCTION
COMMENT
CREATE FUNCTION
ALTER FUNCTION
COMMENT
CREATE FUNCTION
ALTER FUNCTION
COMMENT
CREATE FUNCTION
ALTER FUNCTION
COMMENT
CREATE FUNCTION
ALTER FUNCTION
COMMENT
CREATE FUNCTION
ALTER FUNCTION
COMMENT
CREATE FUNCTION
ALTER FUNCTION
COMMENT
CREATE FUNCTION
ALTER FUNCTION
COMMENT
CREATE FUNCTION
ALTER FUNCTION
COMMENT
CREATE FUNCTION
ALTER FUNCTION
COMMENT
CREATE FUNCTION
ALTER FUNCTION
COMMENT
CREATE FUNCTION
ALTER FUNCTION
COMMENT
CREATE FUNCTION
ALTER FUNCTION
COMMENT
CREATE FUNCTION
ALTER FUNCTION
COMMENT
CREATE FUNCTION
ALTER FUNCTION
COMMENT
CREATE FUNCTION
ALTER FUNCTION
COMMENT
CREATE FUNCTION
ALTER FUNCTION
COMMENT
CREATE FUNCTION
ALTER FUNCTION
COMMENT
CREATE FUNCTION
ALTER FUNCTION
COMMENT
CREATE FUNCTION
ALTER FUNCTION
COMMENT
CREATE FUNCTION
ALTER FUNCTION
COMMENT
CREATE FUNCTION
ALTER FUNCTION
COMMENT
CREATE FUNCTION
ALTER FUNCTION
COMMENT
CREATE FUNCTION
ALTER FUNCTION
COMMENT
CREATE FUNCTION
ALTER FUNCTION
COMMENT
CREATE FUNCTION
ALTER FUNCTION
COMMENT
CREATE FUNCTION
ALTER FUNCTION
COMMENT
CREATE FUNCTION
ALTER FUNCTION
COMMENT
CREATE FUNCTION
ALTER FUNCTION
COMMENT
CREATE FUNCTION
ALTER FUNCTION
COMMENT
CREATE FUNCTION
ALTER FUNCTION
COMMENT
CREATE FUNCTION
ALTER FUNCTION
COMMENT
CREATE FUNCTION
ALTER FUNCTION
COMMENT
CREATE FUNCTION
ALTER FUNCTION
COMMENT
CREATE FUNCTION
ALTER FUNCTION
COMMENT
CREATE FUNCTION
ALTER FUNCTION
COMMENT
CREATE FUNCTION
ALTER FUNCTION
COMMENT
CREATE FUNCTION
ALTER FUNCTION
COMMENT
CREATE FUNCTION
ALTER FUNCTION
COMMENT
CREATE FUNCTION
ALTER FUNCTION
COMMENT
CREATE FUNCTION
ALTER FUNCTION
COMMENT
CREATE FUNCTION
ALTER FUNCTION
COMMENT
CREATE FUNCTION
ALTER FUNCTION
COMMENT
CREATE FUNCTION
ALTER FUNCTION
COMMENT
CREATE FUNCTION
ALTER FUNCTION
COMMENT
CREATE FUNCTION
ALTER FUNCTION
COMMENT
CREATE FUNCTION
ALTER FUNCTION
COMMENT
CREATE FUNCTION
ALTER FUNCTION
COMMENT
CREATE FUNCTION
ALTER FUNCTION
COMMENT
CREATE FUNCTION
ALTER FUNCTION
COMMENT
CREATE FUNCTION
ALTER FUNCTION
COMMENT
CREATE FUNCTION
ALTER FUNCTION
COMMENT
CREATE FUNCTION
ALTER FUNCTION
COMMENT
CREATE FUNCTION
ALTER FUNCTION
COMMENT
CREATE FUNCTION
ALTER FUNCTION
COMMENT
CREATE FUNCTION
ALTER FUNCTION
COMMENT
CREATE FUNCTION
ALTER FUNCTION
COMMENT
CREATE FUNCTION
ALTER FUNCTION
COMMENT
CREATE FUNCTION
ALTER FUNCTION
COMMENT
CREATE FUNCTION
ALTER FUNCTION
COMMENT
CREATE FUNCTION
ALTER FUNCTION
COMMENT
CREATE FUNCTION
ALTER FUNCTION
COMMENT
CREATE FUNCTION
ALTER FUNCTION
COMMENT
CREATE FUNCTION
ALTER FUNCTION
COMMENT
CREATE FUNCTION
ALTER FUNCTION
COMMENT
CREATE FUNCTION
ALTER FUNCTION
CREATE FUNCTION
ALTER FUNCTION
CREATE FUNCTION
ALTER FUNCTION
CREATE FUNCTION
ALTER FUNCTION
CREATE FUNCTION
ALTER FUNCTION
CREATE FUNCTION
ALTER FUNCTION
CREATE FUNCTION
ALTER FUNCTION
CREATE FUNCTION
ALTER FUNCTION
CREATE FUNCTION
ALTER FUNCTION
SET
CREATE FUNCTION
ALTER FUNCTION
SET
CREATE FUNCTION
ALTER FUNCTION
CREATE FUNCTION
ALTER FUNCTION
SET
CREATE FUNCTION
ALTER FUNCTION
SET
CREATE FUNCTION
ALTER FUNCTION
SET
CREATE FUNCTION
ALTER FUNCTION
SET
CREATE FUNCTION
ALTER FUNCTION
CREATE FUNCTION
ALTER FUNCTION
CREATE FUNCTION
ALTER FUNCTION
CREATE FUNCTION
ALTER FUNCTION
CREATE FUNCTION
ALTER FUNCTION
CREATE FUNCTION
ALTER FUNCTION
CREATE FUNCTION
ALTER FUNCTION
CREATE FUNCTION
ALTER FUNCTION
CREATE FUNCTION
ALTER FUNCTION
CREATE FUNCTION
ALTER FUNCTION
CREATE FUNCTION
ALTER FUNCTION
CREATE FUNCTION
ALTER FUNCTION
CREATE FUNCTION
ALTER FUNCTION
CREATE FUNCTION
ALTER FUNCTION
CREATE FUNCTION
ALTER FUNCTION
CREATE FUNCTION
ALTER FUNCTION
CREATE FUNCTION
ALTER FUNCTION
CREATE FUNCTION
ALTER FUNCTION
CREATE FUNCTION
ALTER FUNCTION
CREATE FUNCTION
ALTER FUNCTION
CREATE FUNCTION
ALTER FUNCTION
CREATE FUNCTION
ALTER FUNCTION
CREATE FUNCTION
ALTER FUNCTION
CREATE FUNCTION
ALTER FUNCTION
CREATE FUNCTION
ALTER FUNCTION
CREATE FUNCTION
ALTER FUNCTION
CREATE FUNCTION
ALTER FUNCTION
CREATE FUNCTION
ALTER FUNCTION
CREATE FUNCTION
ALTER FUNCTION
CREATE FUNCTION
ALTER FUNCTION
CREATE FUNCTION
ALTER FUNCTION
CREATE FUNCTION
ALTER FUNCTION
CREATE FUNCTION
ALTER FUNCTION
CREATE FUNCTION
ALTER FUNCTION
CREATE FUNCTION
ALTER FUNCTION
CREATE FUNCTION
ALTER FUNCTION
CREATE FUNCTION
ALTER FUNCTION
CREATE FUNCTION
ALTER FUNCTION
SET
CREATE SEQUENCE
ALTER TABLE
COMMENT
 setval 
--------
 100399
(1 row)

SET
SET
CREATE TABLE
ALTER TABLE
COMMENT
CREATE TABLE
ALTER TABLE
COMMENT
CREATE TABLE
ALTER TABLE
COMMENT
CREATE SEQUENCE
ALTER TABLE
ALTER SEQUENCE
 setval 
--------
  10000
(1 row)

CREATE TABLE
ALTER TABLE
COMMENT
CREATE SEQUENCE
ALTER TABLE
ALTER SEQUENCE
 setval 
--------
   1000
(1 row)

CREATE TABLE
ALTER TABLE
COMMENT
CREATE TABLE
ALTER TABLE
COMMENT
CREATE TABLE
ALTER TABLE
COMMENT
CREATE TABLE
ALTER TABLE
COMMENT
CREATE SEQUENCE
ALTER TABLE
ALTER SEQUENCE
 setval 
--------
     33
(1 row)

CREATE TABLE
ALTER TABLE
COMMENT
CREATE TABLE
ALTER TABLE
COMMENT
CREATE TABLE
ALTER TABLE
COMMENT
CREATE SEQUENCE
ALTER TABLE
ALTER SEQUENCE
 setval 
--------
   1000
(1 row)

CREATE TABLE
ALTER TABLE
COMMENT
CREATE SEQUENCE
ALTER TABLE
ALTER SEQUENCE
 setval 
--------
   1000
(1 row)

CREATE TABLE
ALTER TABLE
CREATE SEQUENCE
ALTER TABLE
 setval 
--------
     73
(1 row)

SET
CREATE TABLE
ALTER TABLE
CREATE SEQUENCE
ALTER TABLE
 setval 
--------
      6
(1 row)

CREATE TABLE
ALTER TABLE
CREATE SEQUENCE
ALTER TABLE
 setval 
--------
     14
(1 row)

SET
CREATE TABLE
ALTER TABLE
CREATE SEQUENCE
ALTER TABLE
 setval 
--------
     25
(1 row)

CREATE TABLE
ALTER TABLE
CREATE SEQUENCE
ALTER TABLE
 setval 
--------
      4
(1 row)

CREATE TABLE
ALTER TABLE
CREATE SEQUENCE
ALTER TABLE
 setval 
--------
     12
(1 row)

CREATE TABLE
ALTER TABLE
CREATE SEQUENCE
ALTER TABLE
 setval 
--------
     16
(1 row)

CREATE TABLE
ALTER TABLE
CREATE SEQUENCE
ALTER TABLE
 setval 
--------
     70
(1 row)

CREATE TABLE
ALTER TABLE
CREATE SEQUENCE
ALTER TABLE
 setval 
--------
      4
(1 row)

SET
CREATE TABLE
ALTER TABLE
CREATE SEQUENCE
ALTER TABLE
 setval 
--------
    106
(1 row)

SET
SET
CREATE TABLE
ALTER TABLE
CREATE SEQUENCE
ALTER TABLE
 setval 
--------
     50
(1 row)

SET
CREATE TABLE
ALTER TABLE
CREATE SEQUENCE
ALTER TABLE
 setval 
--------
     20
(1 row)

SET
SET
CREATE TABLE
ALTER TABLE
CREATE SEQUENCE
ALTER TABLE
 setval 
--------
      1
(1 row)

SET
SET
CREATE TABLE
ALTER TABLE
CREATE SEQUENCE
ALTER TABLE
ALTER SEQUENCE
 setval 
--------
     21
(1 row)

CREATE TABLE
ALTER TABLE
CREATE TABLE
ALTER TABLE
CREATE TABLE
ALTER TABLE
CREATE SEQUENCE
ALTER TABLE
ALTER SEQUENCE
 setval 
--------
      8
(1 row)

CREATE TABLE
ALTER TABLE
SET
CREATE TABLE
ALTER TABLE
CREATE SEQUENCE
ALTER TABLE
ALTER SEQUENCE
 setval 
--------
     21
(1 row)

CREATE SEQUENCE
ALTER TABLE
 setval 
--------
   9999
(1 row)

CREATE TABLE
ALTER TABLE
CREATE TABLE
ALTER TABLE
CREATE TABLE
ALTER TABLE
CREATE TABLE
ALTER TABLE
CREATE TABLE
ALTER TABLE
CREATE TABLE
ALTER TABLE
CREATE TABLE
ALTER TABLE
SET
CREATE TABLE
ALTER TABLE
CREATE TABLE
ALTER TABLE
ALTER TABLE
CREATE TABLE
ALTER TABLE
ALTER TABLE
SET
CREATE TABLE
ALTER TABLE
CREATE SEQUENCE
ALTER TABLE
ALTER SEQUENCE
 setval 
--------
      1
(1 row)

CREATE TABLE
ALTER TABLE
CREATE SEQUENCE
ALTER TABLE
 setval 
--------
   1002
(1 row)

CREATE TABLE
ALTER TABLE
SET
ALTER TABLE
ALTER TABLE
ALTER TABLE
ALTER TABLE
ALTER TABLE
SET
ALTER TABLE
ALTER TABLE
SET
ALTER TABLE
SET
ALTER TABLE
SET
SET
SET
SET
SET
SET
SET
SET
SET
SET
ALTER TABLE
ALTER TABLE
ALTER TABLE
ALTER TABLE
ALTER TABLE
ALTER TABLE
ALTER TABLE
ALTER TABLE
ALTER TABLE
ALTER TABLE
ALTER TABLE
ALTER TABLE
SET
SET
ALTER TABLE
ALTER TABLE
ALTER TABLE
ALTER TABLE
ALTER TABLE
SET
ALTER TABLE
ALTER TABLE
ALTER TABLE
ALTER TABLE
ALTER TABLE
ALTER TABLE
ALTER TABLE
ALTER TABLE
SET
ALTER TABLE
ALTER TABLE
ALTER TABLE
SET
ALTER TABLE
ALTER TABLE
ALTER TABLE
SET
SET
CREATE INDEX
CREATE INDEX
CREATE INDEX
CREATE INDEX
CREATE INDEX
ALTER TABLE
SET
CREATE INDEX
ALTER TABLE
SET
CREATE INDEX
ALTER TABLE
SET
CREATE INDEX
ALTER TABLE
CREATE INDEX
ALTER TABLE
CREATE INDEX
ALTER TABLE
CREATE INDEX
ALTER TABLE
CREATE INDEX
ALTER TABLE
CREATE INDEX
ALTER TABLE
SET
CREATE INDEX
ALTER TABLE
SET
CREATE INDEX
ALTER TABLE
CREATE INDEX
ALTER TABLE
SET
SET
CREATE INDEX
ALTER TABLE
SET
SET
CREATE INDEX
CREATE INDEX
SET
CREATE INDEX
SET
CREATE TRIGGER
CREATE TRIGGER
CREATE TRIGGER
CREATE TRIGGER
CREATE TRIGGER
CREATE TRIGGER
CREATE TRIGGER
CREATE TRIGGER
CREATE TRIGGER
CREATE TRIGGER
CREATE TRIGGER
ALTER TABLE
SET
CREATE TRIGGER
CREATE TRIGGER
CREATE TRIGGER
CREATE TRIGGER
CREATE TRIGGER
CREATE TRIGGER
CREATE TRIGGER
CREATE TRIGGER
CREATE TRIGGER
CREATE TRIGGER
CREATE TRIGGER
CREATE TRIGGER
SET
CREATE TRIGGER
SET
CREATE TRIGGER
CREATE TRIGGER
CREATE TRIGGER
CREATE TRIGGER
SET
ALTER TABLE
ALTER TABLE
ALTER TABLE
ALTER TABLE
SET
ALTER TABLE
ALTER TABLE
SET
ALTER TABLE
ALTER TABLE
ALTER TABLE
ALTER TABLE
SET
ALTER TABLE
ALTER TABLE
REVOKE
REVOKE
GRANT
GRANT
GRANT
REVOKE
REVOKE
GRANT
GRANT
GRANT
REVOKE
REVOKE
GRANT
GRANT
GRANT
REVOKE
REVOKE
GRANT
GRANT
GRANT
REVOKE
REVOKE
GRANT
REVOKE
REVOKE
GRANT
REVOKE
REVOKE
GRANT
REVOKE
REVOKE
GRANT
REVOKE
REVOKE
GRANT
REVOKE
REVOKE
GRANT
GRANT
SET
REVOKE
REVOKE
GRANT
GRANT
GRANT
REVOKE
REVOKE
GRANT
GRANT
REVOKE
REVOKE
GRANT
GRANT
REVOKE
REVOKE
GRANT
GRANT
REVOKE
REVOKE
GRANT
GRANT
REVOKE
REVOKE
GRANT
GRANT
REVOKE
REVOKE
GRANT
GRANT
REVOKE
REVOKE
GRANT
GRANT
REVOKE
REVOKE
GRANT
GRANT
REVOKE
REVOKE
GRANT
GRANT
GRANT
REVOKE
REVOKE
GRANT
GRANT
REVOKE
REVOKE
GRANT
GRANT
REVOKE
REVOKE
GRANT
GRANT
REVOKE
REVOKE
GRANT
GRANT
REVOKE
REVOKE
GRANT
GRANT
REVOKE
REVOKE
GRANT
GRANT
REVOKE
REVOKE
GRANT
GRANT
REVOKE
REVOKE
GRANT
GRANT
GRANT
REVOKE
REVOKE
GRANT
GRANT
REVOKE
REVOKE
GRANT
GRANT
REVOKE
REVOKE
GRANT
GRANT
REVOKE
REVOKE
GRANT
GRANT
GRANT
REVOKE
REVOKE
GRANT
GRANT
GRANT
REVOKE
REVOKE
GRANT
GRANT
REVOKE
REVOKE
GRANT
GRANT
GRANT
REVOKE
REVOKE
GRANT
GRANT
REVOKE
REVOKE
GRANT
GRANT
GRANT
REVOKE
REVOKE
GRANT
GRANT
REVOKE
REVOKE
GRANT
GRANT
REVOKE
REVOKE
GRANT
GRANT
REVOKE
REVOKE
GRANT
GRANT
GRANT
REVOKE
REVOKE
GRANT
GRANT
REVOKE
REVOKE
GRANT
GRANT
REVOKE
REVOKE
GRANT
GRANT
REVOKE
REVOKE
GRANT
GRANT
REVOKE
REVOKE
GRANT
GRANT
GRANT
REVOKE
REVOKE
GRANT
GRANT
REVOKE
REVOKE
GRANT
GRANT
REVOKE
REVOKE
GRANT
GRANT
REVOKE
REVOKE
GRANT
GRANT
GRANT
REVOKE
REVOKE
GRANT
GRANT
REVOKE
REVOKE
GRANT
GRANT
REVOKE
REVOKE
GRANT
GRANT
GRANT
REVOKE
REVOKE
GRANT
GRANT
REVOKE
REVOKE
GRANT
GRANT
REVOKE
REVOKE
GRANT
GRANT
REVOKE
REVOKE
GRANT
GRANT
GRANT
REVOKE
REVOKE
GRANT
GRANT
GRANT
REVOKE
REVOKE
GRANT
GRANT
GRANT
REVOKE
REVOKE
GRANT
GRANT
REVOKE
REVOKE
GRANT
GRANT
GRANT
REVOKE
REVOKE
GRANT
GRANT
REVOKE
REVOKE
GRANT
GRANT
REVOKE
REVOKE
GRANT
GRANT
REVOKE
REVOKE
GRANT
GRANT
REVOKE
REVOKE
GRANT
GRANT
REVOKE
REVOKE
GRANT
GRANT
REVOKE
REVOKE
GRANT
GRANT
GRANT
REVOKE
REVOKE
GRANT
GRANT
REVOKE
REVOKE
GRANT
GRANT
GRANT
REVOKE
REVOKE
GRANT
GRANT
GRANT
REVOKE
REVOKE
GRANT
GRANT
REVOKE
REVOKE
GRANT
GRANT
REVOKE
REVOKE
GRANT
GRANT
REVOKE
REVOKE
GRANT
GRANT
REVOKE
REVOKE
GRANT
GRANT
REVOKE
REVOKE
GRANT
GRANT
REVOKE
REVOKE
GRANT
GRANT
GRANT
REVOKE
REVOKE
GRANT
GRANT
GRANT
REVOKE
REVOKE
GRANT
GRANT
GRANT
REVOKE
REVOKE
GRANT
GRANT
REVOKE
REVOKE
GRANT
GRANT
REVOKE
REVOKE
GRANT
GRANT
REVOKE
REVOKE
GRANT
GRANT
REVOKE
REVOKE
GRANT
GRANT
GRANT
REVOKE
REVOKE
GRANT
GRANT
REVOKE
REVOKE
GRANT
GRANT
REVOKE
REVOKE
GRANT
GRANT
REVOKE
REVOKE
GRANT
GRANT
REVOKE
REVOKE
GRANT
GRANT
REVOKE
REVOKE
GRANT
GRANT
REVOKE
REVOKE
GRANT
GRANT
REVOKE
REVOKE
GRANT
GRANT
REVOKE
REVOKE
GRANT
GRANT
REVOKE
REVOKE
GRANT
GRANT
REVOKE
REVOKE
GRANT
GRANT
REVOKE
REVOKE
GRANT
GRANT
REVOKE
REVOKE
GRANT
GRANT
REVOKE
REVOKE
GRANT
GRANT
REVOKE
REVOKE
GRANT
GRANT
GRANT
SET
REVOKE
REVOKE
GRANT
REVOKE
REVOKE
GRANT
GRANT
SET
REVOKE
REVOKE
GRANT
GRANT
GRANT
REVOKE
REVOKE
GRANT
GRANT
GRANT
REVOKE
REVOKE
GRANT
GRANT
GRANT
REVOKE
REVOKE
GRANT
GRANT
GRANT
REVOKE
REVOKE
GRANT
GRANT
GRANT
REVOKE
REVOKE
GRANT
GRANT
GRANT
REVOKE
REVOKE
GRANT
GRANT
GRANT
REVOKE
REVOKE
GRANT
GRANT
GRANT
REVOKE
REVOKE
GRANT
GRANT
GRANT
REVOKE
REVOKE
GRANT
GRANT
GRANT
REVOKE
REVOKE
GRANT
GRANT
GRANT
REVOKE
REVOKE
GRANT
GRANT
GRANT
REVOKE
REVOKE
GRANT
GRANT
GRANT
REVOKE
REVOKE
GRANT
GRANT
GRANT
REVOKE
REVOKE
GRANT
GRANT
GRANT
REVOKE
REVOKE
GRANT
GRANT
GRANT
REVOKE
REVOKE
GRANT
GRANT
GRANT
REVOKE
REVOKE
GRANT
GRANT
GRANT
REVOKE
REVOKE
GRANT
GRANT
GRANT
REVOKE
REVOKE
GRANT
GRANT
GRANT
REVOKE
REVOKE
GRANT
GRANT
GRANT
REVOKE
REVOKE
GRANT
GRANT
GRANT
REVOKE
REVOKE
GRANT
GRANT
GRANT
REVOKE
REVOKE
GRANT
GRANT
GRANT
REVOKE
REVOKE
GRANT
GRANT
GRANT
REVOKE
REVOKE
GRANT
GRANT
GRANT
REVOKE
REVOKE
GRANT
GRANT
GRANT
REVOKE
REVOKE
GRANT
GRANT
GRANT
REVOKE
REVOKE
GRANT
GRANT
GRANT
REVOKE
REVOKE
GRANT
GRANT
GRANT
REVOKE
REVOKE
GRANT
GRANT
GRANT
REVOKE
REVOKE
GRANT
GRANT
GRANT
REVOKE
REVOKE
GRANT
GRANT
GRANT
REVOKE
REVOKE
GRANT
GRANT
GRANT
REVOKE
REVOKE
GRANT
GRANT
GRANT
REVOKE
REVOKE
GRANT
GRANT
GRANT
SET
REVOKE
REVOKE
GRANT
GRANT
GRANT
REVOKE
REVOKE
GRANT
GRANT
GRANT
SET
REVOKE
REVOKE
GRANT
GRANT
GRANT
REVOKE
REVOKE
GRANT
GRANT
GRANT
REVOKE
REVOKE
GRANT
GRANT
GRANT
REVOKE
REVOKE
GRANT
GRANT
GRANT
SET
REVOKE
REVOKE
GRANT
GRANT
GRANT
REVOKE
REVOKE
GRANT
GRANT
GRANT
SET
REVOKE
REVOKE
GRANT
REVOKE
REVOKE
GRANT
REVOKE
REVOKE
GRANT
REVOKE
REVOKE
GRANT
REVOKE
REVOKE
GRANT
REVOKE
REVOKE
GRANT
SET
REVOKE
REVOKE
GRANT
REVOKE
REVOKE
GRANT
REVOKE
REVOKE
GRANT
REVOKE
REVOKE
GRANT
REVOKE
REVOKE
GRANT
REVOKE
REVOKE
GRANT
REVOKE
REVOKE
GRANT
REVOKE
REVOKE
GRANT
REVOKE
REVOKE
GRANT
REVOKE
REVOKE
GRANT
SET
REVOKE
REVOKE
GRANT
REVOKE
REVOKE
GRANT
REVOKE
REVOKE
GRANT
SET
REVOKE
REVOKE
GRANT
REVOKE
REVOKE
GRANT
REVOKE
REVOKE
GRANT
REVOKE
REVOKE
GRANT
REVOKE
REVOKE
GRANT
