-- upgrade_while_logging.sql : Upgrade from E-Maj 1.3. to next_version while groups are in logging state.
--
-----------------------------
-- emaj update to next_version
-----------------------------
--\! cp /usr/local/pg912/share/postgresql/extension/emaj.control.0.12.0 /usr/local/pg912/share/postgresql/extension/emaj.control
-- check the extension is available
select * from pg_available_extension_versions where name = 'emaj';
 name |   version    | installed | superuser | relocatable | schema | requires |                                            comment                                             
------+--------------+-----------+-----------+-------------+--------+----------+------------------------------------------------------------------------------------------------
 emaj | 2.0.0        | t         | t         | f           | emaj   | {dblink} | E-Maj extension enables fine-grained write logging and time travel on subsets of the database.
 emaj | next_version | f         | t         | f           | emaj   | {dblink} | E-Maj extension enables fine-grained write logging and time travel on subsets of the database.
(2 rows)

-- process the extension upgrade
ALTER EXTENSION emaj UPDATE TO 'next_version';
-----------------------------
-- check installation
-----------------------------
-- check impact in catalog
select extname, extversion from pg_extension where extname = 'emaj';
 extname |  extversion  
---------+--------------
 emaj    | next_version
(1 row)

-- check the emaj_param content
SELECT param_value_text FROM emaj.emaj_param WHERE param_key = 'emaj_version';
 param_value_text 
------------------
 <NEXT_VERSION>
(1 row)

-----------------------------
-- Check the tables and sequences after upgrade
-----------------------------
-- emaj tables and sequences
-- log tables
select col11, col12, col13, emaj_verb, emaj_tuple, emaj_gid from emaj.mySchema1_myTbl1_log order by emaj_gid, emaj_tuple desc;
 col11 |   col12    | col13 | emaj_verb | emaj_tuple | emaj_gid 
-------+------------+-------+-----------+------------+----------
     1 | ABC        | \x0c  | INS       | NEW        |        1
     2 | ABC        | \x0c  | INS       | NEW        |        2
     3 | ABC        | \x0c  | INS       | NEW        |        3
     4 | ABC        | \x0c  | INS       | NEW        |        4
     5 | ABC        | \x0c  | INS       | NEW        |        5
     6 | ABC        | \x0c  | INS       | NEW        |        6
     7 | ABC        | \x0c  | INS       | NEW        |        7
     8 | ABC        | \x0c  | INS       | NEW        |        8
     9 | ABC        | \x0c  | INS       | NEW        |        9
    10 | ABC        | \x0c  | INS       | NEW        |       10
    11 | ABC        | \x0c  | INS       | NEW        |       11
     1 | ABC        | \x0c  | UPD       | OLD        |       12
     1 | ABC        | \x1c  | UPD       | NEW        |       12
     2 | ABC        | \x0c  | UPD       | OLD        |       13
     2 | ABC        | \x1c  | UPD       | NEW        |       13
     3 | ABC        | \x0c  | UPD       | OLD        |       14
     3 | ABC        | \x1c  | UPD       | NEW        |       14
    11 | ABC        | \x0c  | DEL       | OLD        |       17
    10 | ABC        | \x0c  | DEL       | OLD        |       35
     1 | ABC        | \x1c  | UPD       | OLD        |       37
     1 | DEF        | \x1c  | UPD       | NEW        |       37
     2 | ABC        | \x1c  | UPD       | OLD        |       38
     2 | DEF        | \x1c  | UPD       | NEW        |       38
(23 rows)

select col21, col22, col23, emaj_verb, emaj_tuple, emaj_gid from emaj.mySchema1_myTbl2_log order by emaj_gid, emaj_tuple desc;
 col21 | col22 |   col23    | emaj_verb | emaj_tuple | emaj_gid 
-------+-------+------------+-----------+------------+----------
     1 | ABC   | 12-31-2010 | INS       | NEW        |       15
     2 | DEF   |            | INS       | NEW        |       18
(2 rows)

select col20, col21, emaj_verb, emaj_tuple, emaj_gid from emaj.mySchema1_myTbl2b_log order by emaj_gid, emaj_tuple desc;
 col20 | col21 | emaj_verb | emaj_tuple | emaj_gid 
-------+-------+-----------+------------+----------
     1 |     1 | INS       | NEW        |       16
     2 |     2 | INS       | NEW        |       19
(2 rows)

select col31, col33, emaj_verb, emaj_tuple, emaj_gid from emaj."myschema1_myTbl3_log" order by emaj_gid, emaj_tuple desc;
 col31 | col33 | emaj_verb | emaj_tuple | emaj_gid 
-------+-------+-----------+------------+----------
     1 | 10.00 | INS       | NEW        |       20
     2 | 10.00 | INS       | NEW        |       21
     3 | 10.00 | INS       | NEW        |       22
     4 | 10.00 | INS       | NEW        |       23
     5 | 10.00 | INS       | NEW        |       24
     6 | 10.00 | INS       | NEW        |       25
     7 | 10.00 | INS       | NEW        |       26
     8 | 10.00 | INS       | NEW        |       27
     9 | 10.00 | INS       | NEW        |       28
    10 | 10.00 | INS       | NEW        |       29
(10 rows)

select col41, col42, col43, col44, col45, emaj_verb, emaj_tuple, emaj_gid from emaj.mySchema1_myTbl4_log order by emaj_gid, emaj_tuple desc;
 col41 | col42 | col43 | col44 |   col45    | emaj_verb | emaj_tuple | emaj_gid 
-------+-------+-------+-------+------------+-----------+------------+----------
     1 | FK... |     1 |     1 | ABC        | INS       | NEW        |       30
     2 | FK... |     1 |     1 | ABC        | INS       | NEW        |       31
     1 | FK... |     1 |     1 | ABC        | UPD       | OLD        |       32
     1 | FK... |     2 |     1 | ABC        | UPD       | NEW        |       32
     2 | FK... |     1 |     1 | ABC        | UPD       | OLD        |       33
     2 | FK... |     2 |     1 | ABC        | UPD       | NEW        |       33
     3 | FK... |     1 |    10 | ABC        | INS       | NEW        |       34
     3 | FK... |     1 |    10 | ABC        | DEL       | OLD        |       36
     1 | FK... |     2 |     1 | ABC        | UPD       | OLD        |       39
     1 | FK... |     2 |     1 |            | UPD       | NEW        |       39
     2 | FK... |     2 |     1 | ABC        | UPD       | OLD        |       40
     2 | FK... |     2 |     1 |            | UPD       | NEW        |       40
(12 rows)

--
select col11, col12, col13, emaj_verb, emaj_tuple, emaj_gid from emaj.mySchema2_myTbl1_log order by emaj_gid, emaj_tuple desc;
 col11 |   col12    | col13 | emaj_verb | emaj_tuple | emaj_gid 
-------+------------+-------+-----------+------------+----------
     1 | ABC        | \x0c  | INS       | NEW        |       51
     2 | ABC        | \x0c  | INS       | NEW        |       52
     3 | ABC        | \x0c  | INS       | NEW        |       53
     4 | ABC        | \x0c  | INS       | NEW        |       54
     5 | ABC        | \x0c  | INS       | NEW        |       55
     6 | ABC        | \x0c  | INS       | NEW        |       56
     7 | ABC        | \x0c  | INS       | NEW        |       57
     8 | ABC        | \x0c  | INS       | NEW        |       58
     9 | ABC        | \x0c  | INS       | NEW        |       59
    10 | ABC        | \x0c  | INS       | NEW        |       60
    11 | ABC        | \x0c  | INS       | NEW        |       61
     1 | ABC        | \x0c  | UPD       | OLD        |       62
     1 | ABC        | \x1c  | UPD       | NEW        |       62
     2 | ABC        | \x0c  | UPD       | OLD        |       63
     2 | ABC        | \x1c  | UPD       | NEW        |       63
     3 | ABC        | \x0c  | UPD       | OLD        |       64
     3 | ABC        | \x1c  | UPD       | NEW        |       64
    11 | ABC        | \x0c  | DEL       | OLD        |       66
(18 rows)

select col21, col22, col23, emaj_verb, emaj_tuple, emaj_gid from emaj.mySchema2_myTbl2_log order by emaj_gid, emaj_tuple desc;
 col21 | col22 |   col23    | emaj_verb | emaj_tuple | emaj_gid 
-------+-------+------------+-----------+------------+----------
     1 | ABC   | 01-01-2010 | INS       | NEW        |       65
     2 | DEF   |            | INS       | NEW        |       67
(2 rows)

select col31, col33, emaj_verb, emaj_tuple, emaj_gid from emaj."myschema2_myTbl3_log" order by emaj_gid, emaj_tuple desc;
 col31 | col33 | emaj_verb | emaj_tuple | emaj_gid 
-------+-------+-----------+------------+----------
     1 | 10.00 | INS       | NEW        |       68
     2 | 10.00 | INS       | NEW        |       69
     3 | 10.00 | INS       | NEW        |       70
     4 | 10.00 | INS       | NEW        |       71
     5 | 10.00 | INS       | NEW        |       72
     6 | 10.00 | INS       | NEW        |       73
     7 | 10.00 | INS       | NEW        |       74
     8 | 10.00 | INS       | NEW        |       75
     9 | 10.00 | INS       | NEW        |       76
    10 | 10.00 | INS       | NEW        |       77
(10 rows)

select col41, col42, col43, col44, col45, emaj_verb, emaj_tuple, emaj_gid from emaj.mySchema2_myTbl4_log order by emaj_gid, emaj_tuple desc;
 col41 | col42 | col43 | col44 |   col45    | emaj_verb | emaj_tuple | emaj_gid 
-------+-------+-------+-------+------------+-----------+------------+----------
     1 | FK... |     1 |     1 | ABC        | INS       | NEW        |       78
     2 | FK... |     1 |     1 | ABC        | INS       | NEW        |       79
     1 | FK... |     1 |     1 | ABC        | UPD       | OLD        |       80
     1 | FK... |     2 |     1 | ABC        | UPD       | NEW        |       80
     2 | FK... |     1 |     1 | ABC        | UPD       | OLD        |       81
     2 | FK... |     2 |     1 | ABC        | UPD       | NEW        |       81
     1 | FK... |     2 |     1 | ABC        | DEL       | OLD        |       82
     2 | FK... |     2 |     1 | ABC        | DEL       | OLD        |       83
     1 | FK... |     2 |     1 | ABC        | INS       | NEW        |       84
     2 | FK... |     2 |     1 | ABC        | INS       | NEW        |       85
(10 rows)

