-- install_previous.sql : install previous version of E-Maj as an extension
--
------------------------------------------------------------
-- install dblink
------------------------------------------------------------
CREATE EXTENSION dblink;
-----------------------------
-- set the default_tablespace parameter to tspemaj to store new technical tables into this tablespace
-----------------------------
ALTER TABLESPACE tspemaj_renamed RENAME TO tspemaj;
SET default_tablespace TO tspemaj;
------------------------------------------------------------
-- emaj installation in 2.0.1 as extension
------------------------------------------------------------
CREATE EXTENSION emaj VERSION '2.0.1';
------------------------------------------------------------
-- check installation
------------------------------------------------------------
-- check impact in catalog
select extname, extversion from pg_extension where extname = 'emaj';
 extname | extversion 
---------+------------
 emaj    | 2.0.1
(1 row)

-- check the emaj_param content
SELECT param_value_text FROM emaj.emaj_param WHERE param_key = 'emaj_version';
 param_value_text 
------------------
 2.0.1
(1 row)

-- check history
select hist_id, hist_function, hist_event, hist_object, hist_wording, hist_user from emaj.emaj_hist order by hist_id;
 hist_id | hist_function | hist_event | hist_object |       hist_wording       | hist_user 
---------+---------------+------------+-------------+--------------------------+-----------
       1 | EMAJ_INSTALL  |            | E-Maj 2.0.1 | Initialisation completed | postgres
(1 row)

