  emaj_verify_all  
-------------------
 No error detected
(1 row)

DO
BEGIN
LOCK TABLE
psql:/home/postgres/proj/emaj/sql/emaj_upgrade_after_postgres_upgrade.sql:271: NOTICE:  E-Maj upgrade script: the "emaj_protection_trg" event trigger already exists.
psql:/home/postgres/proj/emaj/sql/emaj_upgrade_after_postgres_upgrade.sql:271: NOTICE:  E-Maj upgrade script: the "emaj_sql_drop_trg" event trigger already exists.
psql:/home/postgres/proj/emaj/sql/emaj_upgrade_after_postgres_upgrade.sql:271: NOTICE:  E-Maj upgrade script: the "emaj_table_rewrite_trg" event trigger already exists.
DO
COMMIT
  emaj_verify_all  
-------------------
 No error detected
(1 row)

