-- check.sql: Perform various checks on the installed E-Maj components.
--            Also appreciate the regression test coverage.
--
-----------------------------
-- count all functions in emaj schema and functions callable by users (emaj_xxx)
-----------------------------
select count(*) from pg_proc, pg_namespace 
  where pg_namespace.oid=pronamespace and nspname = 'emaj' and (proname like E'emaj\\_%' or proname like E'\\_%');
 count 
-------
   121
(1 row)

select count(*) from pg_proc, pg_namespace 
  where pg_namespace.oid=pronamespace and nspname = 'emaj' and proname like E'emaj\\_%';
 count 
-------
    49
(1 row)

-----------------------------
-- check that no function has kept its default rights to public
-----------------------------
-- should return no row
select proname, proacl from pg_proc, pg_namespace 
  where pg_namespace.oid=pronamespace
    and nspname = 'emaj' and proname not like '%_log_fnct'
    and proacl is null;
 proname | proacl 
---------+--------
(0 rows)

-----------------------------
-- check that no user function has the default comment
-----------------------------
-- should return no row
select pg_proc.proname
  from pg_proc
    join pg_namespace on (pronamespace=pg_namespace.oid)
    left outer join pg_description on (pg_description.objoid = pg_proc.oid 
                     and classoid = (select oid from pg_class where relname = 'pg_proc')
                     and objsubid=0)
  where nspname = 'emaj' and proname like E'emaj\\_%' and 
        pg_description.description = 'E-Maj internal function';
 proname 
---------
(0 rows)

-----------------------------
-- perform various consistency checks on technical tables
-----------------------------
-- no row in emaj_schema not linked to a relation assigned to a group (to complement the fkey between emaj_relation and emaj_schema)
select sch_name from emaj.emaj_schema where sch_name not in (select distinct rel_log_schema from emaj.emaj_relation);
 sch_name 
----------
(0 rows)

-----------------------------
-- get test coverage data just before cleanup
-----------------------------
-- wait to let the statistics collector aggregate the latest stats
select pg_sleep(1.5);
 pg_sleep 
----------
 
(1 row)

-- display the functions that are not called by any regression test script
--   (_forbid_truncate_fnct is actualy executed but not counted in statistics)
--   (_rlbk_error is not executed in regression tests - rare cases difficult to simulate)
select nspname, proname from pg_proc, pg_namespace
  where pronamespace = pg_namespace.oid
    and nspname = 'emaj' and (proname like E'emaj\\_%' or proname like E'\\_%')
except
select schemaname, funcname from pg_stat_user_functions
  where schemaname = 'emaj' and (funcname like E'emaj\\_%' or funcname like E'\\_%')
order by 1,2;
 nspname |        proname        
---------+-----------------------
 emaj    | _forbid_truncate_fnct
 emaj    | _rlbk_error
(2 rows)

-- display the number of calls for each emaj function (
--   (_pg_version_num() is excluded as it is an sql immutable function that may thus be inlined and not always counted in statistics
--    _verify_groups() is also excluded as the number of call is not stable)
select funcname, calls from pg_stat_user_functions
  where schemaname = 'emaj' and (funcname like E'emaj\\_%' or funcname like E'\\_%')
    and funcname <> '_pg_version_num' and funcname <> '_verify_groups'
  order by funcname, funcid;
                 funcname                  | calls 
-------------------------------------------+-------
 _add_seq                                  |     7
 _add_tbl                                  |    18
 _alter_exec                               |    72
 _alter_groups                             |    73
 _alter_plan                               |    72
 _change_emaj_names_prefix                 |     8
 _change_log_data_tsp_tbl                  |    16
 _change_log_index_tsp_tbl                 |     6
 _change_log_schema_tbl                    |     8
 _check_fk_groups                          |   222
 _check_group_names                        |   896
 _check_groups_content                     |   105
 _check_mark_name                          |   335
 _check_marks_range                        |   106
 _check_new_mark                           |   226
 _cleanup_rollback_state                   |   271
 _create_log_schemas                       |   102
 _create_seq                               |    47
 _create_tbl                               |   139
 _dblink_close_cnx                         |    58
 _dblink_is_cnx_opened                     |   606
 _dblink_open_cnx                          |    74
 _delete_before_mark_group                 |    19
 _delete_between_marks_group               |    13
 _delete_intermediate_mark_group           |    22
 _delete_log_tbl                           |    34
 _detailed_log_stat_groups                 |    32
 _disable_event_triggers                   |   287
 _drop_group                               |    26
 _drop_log_schemas                         |   167
 _drop_seq                                 |    51
 _drop_tbl                                 |   158
 _enable_event_triggers                    |   283
 _estimate_rollback_groups                 |    13
 _event_trigger_sql_drop_fnct              |    15
 _gen_sql_groups                           |    18
 _gen_sql_tbl                              |    35
 _get_current_sequence_state               |    11
 _get_current_sequences_state              |   525
 _get_default_tablespace                   |     8
 _get_previous_mark_group                  |    36
 _lock_groups                              |   218
 _log_stat_groups                          |    29
 _log_stat_tbl                             |  2656
 _log_truncate_fnct                        |     2
 _purge_hist                               |    69
 _remove_seq                               |    16
 _remove_tbl                               |    40
 _reset_groups                             |   108
 _rlbk_async                               |     2
 _rlbk_check                               |    90
 _rlbk_end                                 |    70
 _rlbk_groups                              |    68
 _rlbk_init                                |    71
 _rlbk_planning                            |    84
 _rlbk_seq                                 |   157
 _rlbk_session_exec                        |    73
 _rlbk_session_lock                        |    73
 _rlbk_set_batch_number                    |   153
 _rlbk_start_mark                          |    71
 _rlbk_tbl                                 |    86
 _rollback_activity                        |    15
 _set_mark_groups                          |   260
 _set_time_stamp                           |   383
 _start_groups                             |    49
 _stop_groups                              |    62
 _verify_all_groups                        |    36
 _verify_all_schemas                       |    36
 emaj_alter_group                          |    56
 emaj_alter_groups                         |    17
 emaj_cleanup_rollback_state               |     7
 emaj_comment_group                        |     5
 emaj_comment_mark_group                   |    10
 emaj_consolidate_rollback_group           |    13
 emaj_create_group                         |    29
 emaj_delete_before_mark_group             |    15
 emaj_delete_mark_group                    |    27
 emaj_detailed_log_stat_group              |    28
 emaj_detailed_log_stat_groups             |     4
 emaj_disable_protection_by_event_triggers |     8
 emaj_drop_group                           |    18
 emaj_enable_protection_by_event_triggers  |     8
 emaj_estimate_rollback_group              |     9
 emaj_estimate_rollback_groups             |     4
 emaj_force_drop_group                     |     8
 emaj_force_stop_group                     |    15
 emaj_gen_sql_group                        |    14
 emaj_gen_sql_groups                       |     4
 emaj_get_consolidable_rollbacks           |    10
 emaj_get_previous_mark_group              |     8
 emaj_get_previous_mark_group              |     9
 emaj_log_stat_group                       |    25
 emaj_log_stat_groups                      |     4
 emaj_logged_rollback_group                |     8
 emaj_logged_rollback_group                |    16
 emaj_logged_rollback_groups               |     3
 emaj_logged_rollback_groups               |     3
 emaj_protect_group                        |     8
 emaj_protect_mark_group                   |    11
 emaj_rename_mark_group                    |    22
 emaj_reset_group                          |     7
 emaj_rollback_activity                    |     4
 emaj_rollback_group                       |    10
 emaj_rollback_group                       |    19
 emaj_rollback_groups                      |     3
 emaj_rollback_groups                      |     6
 emaj_set_mark_group                       |    68
 emaj_set_mark_groups                      |    16
 emaj_snap_group                           |     7
 emaj_snap_log_group                       |    11
 emaj_start_group                          |    37
 emaj_start_groups                         |    12
 emaj_stop_group                           |    36
 emaj_stop_groups                          |    11
 emaj_unprotect_group                      |     8
 emaj_unprotect_mark_group                 |     6
 emaj_verify_all                           |    36
(117 rows)

-- count the total number of user-callable function calls (those who failed are not counted)
select sum(calls) from pg_stat_user_functions where funcname like E'emaj\\_%';
 sum 
-----
 723
(1 row)

-----------------------------
-- execute the perl script that checks the code
-----------------------------
\! perl ${EMAJ_DIR}/tools/check_code.pl | grep -P '^WARNING:|^ERROR:'
