-- check.sql: Perform various checks on the installed E-Maj components.
--            Also appreciate the regression test coverage.
--
-----------------------------
-- count all functions in emaj schema and functions callable by users (emaj_xxx)
-----------------------------
select count(*) from pg_proc, pg_namespace 
  where pg_namespace.oid=pronamespace and nspname = 'emaj' and (proname like E'emaj\\_%' or proname like E'\\_%');
 count 
-------
   105
(1 row)

select count(*) from pg_proc, pg_namespace 
  where pg_namespace.oid=pronamespace and nspname = 'emaj' and proname like E'emaj\\_%';
 count 
-------
    47
(1 row)

-----------------------------
-- check that no function has kept its default rights to public
-----------------------------
-- should return no row
select proname, proacl from pg_proc, pg_namespace 
  where pg_namespace.oid=pronamespace
    and nspname = 'emaj' and proname not like '%_log_fnct'
    and proacl is null;
 proname | proacl 
---------+--------
(0 rows)

-----------------------------
-- check that no user function has the default comment
-----------------------------
-- should return no row
select pg_proc.proname
  from pg_proc
    join pg_namespace on (pronamespace=pg_namespace.oid)
    left outer join pg_description on (pg_description.objoid = pg_proc.oid 
                     and classoid = (select oid from pg_class where relname = 'pg_proc')
                     and objsubid=0)
  where nspname = 'emaj' and proname like E'emaj\\_%' and 
        pg_description.description = 'E-Maj internal function';
 proname 
---------
(0 rows)

-----------------------------
-- get test coverage data just before cleanup
-----------------------------
-- wait to let the statistics collector aggregate the latest stats
select pg_sleep(1.5);
 pg_sleep 
----------
 
(1 row)

-- display the functions that are not called by any regression test script
--   (_forbid_truncate_fnct is actualy executed but not counted in statistics)
--   (_rlbk_error is not executed in regression tests - rare cases difficult to simulate)
select nspname, proname from pg_proc, pg_namespace
  where pronamespace = pg_namespace.oid
    and nspname = 'emaj' and (proname like E'emaj\\_%' or proname like E'\\_%')
except
select schemaname, funcname from pg_stat_user_functions
  where schemaname = 'emaj' and (funcname like E'emaj\\_%' or funcname like E'\\_%')
order by 1,2;
 nspname |        proname        
---------+-----------------------
 emaj    | _forbid_truncate_fnct
 emaj    | _rlbk_error
(2 rows)

-- display the number of calls for each emaj function (
--   (_pg_version_num() is excluded as it is an sql immutable function that may thus be inlined and not always counted in statistics)
select funcname, calls from pg_stat_user_functions
  where schemaname = 'emaj' and (funcname like E'emaj\\_%' or funcname like E'\\_%') and funcname <> '_pg_version_num'
  order by funcname, funcid;
                 funcname                  | calls 
-------------------------------------------+-------
 _alter_exec                               |    52
 _alter_groups                             |    52
 _alter_plan                               |    52
 _change_attr_tbl                          |    36
 _check_fk_groups                          |   179
 _check_groups_content                     |    83
 _check_names_array                        |   121
 _check_new_mark                           |   163
 _create_log_schema                        |    25
 _create_seq                               |    35
 _create_tbl                               |   123
 _dblink_close_cnx                         |    43
 _dblink_is_cnx_opened                     |   460
 _dblink_open_cnx                          |    56
 _delete_between_marks_group               |    19
 _delete_intermediate_mark_group           |    16
 _delete_log_tbl                           |    33
 _disable_event_triggers                   |    87
 _drop_group                               |    24
 _drop_log_schema                          |    18
 _drop_seq                                 |    35
 _drop_tbl                                 |   134
 _enable_event_triggers                    |    83
 _estimate_rollback_groups                 |    10
 _event_trigger_sql_drop_fnct              |    12
 _gen_sql_groups                           |    18
 _gen_sql_tbl                              |    38
 _get_default_tablespace                   |     8
 _get_mark_name                            |   567
 _get_mark_time_id                         |   207
 _lock_groups                              |   171
 _log_stat_tbl                             |  1953
 _log_truncate_fnct                        |     2
 _purge_hist                               |    88
 _reset_groups                             |   100
 _rlbk_async                               |     2
 _rlbk_check                               |    69
 _rlbk_end                                 |    52
 _rlbk_groups                              |    50
 _rlbk_init                                |    53
 _rlbk_planning                            |    63
 _rlbk_seq                                 |    78
 _rlbk_session_exec                        |    55
 _rlbk_session_lock                        |    55
 _rlbk_set_batch_number                    |   144
 _rlbk_start_mark                          |    53
 _rlbk_tbl                                 |    83
 _rollback_activity                        |    15
 _set_mark_groups                          |   201
 _set_time_stamp                           |   304
 _start_groups                             |    46
 _stop_groups                              |    55
 _verify_all_groups                        |    32
 _verify_all_schemas                       |    32
 _verify_groups                            |   234
 emaj_alter_group                          |    39
 emaj_alter_groups                         |    13
 emaj_cleanup_rollback_state               |   210
 emaj_comment_group                        |     5
 emaj_comment_mark_group                   |    10
 emaj_consolidate_rollback_group           |     9
 emaj_create_group                         |    27
 emaj_delete_before_mark_group             |     7
 emaj_delete_mark_group                    |    18
 emaj_detailed_log_stat_group              |    26
 emaj_disable_protection_by_event_triggers |     7
 emaj_drop_group                           |    16
 emaj_enable_protection_by_event_triggers  |     7
 emaj_estimate_rollback_group              |     6
 emaj_estimate_rollback_groups             |     4
 emaj_force_drop_group                     |     8
 emaj_force_stop_group                     |    15
 emaj_gen_sql_group                        |    14
 emaj_gen_sql_groups                       |     4
 emaj_get_consolidable_rollbacks           |     6
 emaj_get_previous_mark_group              |     8
 emaj_get_previous_mark_group              |     8
 emaj_log_stat_group                       |   220
 emaj_logged_rollback_group                |     7
 emaj_logged_rollback_group                |    12
 emaj_logged_rollback_groups               |     3
 emaj_logged_rollback_groups               |     1
 emaj_protect_group                        |     8
 emaj_protect_mark_group                   |    10
 emaj_rename_mark_group                    |    15
 emaj_reset_group                          |     5
 emaj_rollback_activity                    |     4
 emaj_rollback_group                       |    10
 emaj_rollback_group                       |    11
 emaj_rollback_groups                      |     3
 emaj_rollback_groups                      |     3
 emaj_set_mark_group                       |    51
 emaj_set_mark_groups                      |    14
 emaj_snap_group                           |     8
 emaj_snap_log_group                       |     5
 emaj_start_group                          |    36
 emaj_start_groups                         |    10
 emaj_stop_group                           |    31
 emaj_stop_groups                          |     9
 emaj_unprotect_group                      |     8
 emaj_unprotect_mark_group                 |     5
 emaj_verify_all                           |    32
(102 rows)

-- count the total number of user-callable function calls
select sum(calls) from pg_stat_user_functions where funcname like E'emaj\\_%';
 sum 
-----
 988
(1 row)

-----------------------------
-- execute the perl script that checks the code
-----------------------------
\! perl ../../tools/check_code.pl | grep -P '^WARNING:|^ERROR:'
