-- viewer.sql : test use of functions by an emaj_viewer role
--
-----------------------------
-- grant emaj_viewer role
-----------------------------
grant emaj_viewer to emaj_regression_tests_viewer_user;
-----------------------------
-- prepare groups for the test
-----------------------------
select emaj.emaj_create_group('myGroup1');
NOTICE:  table "myTbl3_log" does not exist, skipping
NOTICE:  trigger "emaj_log_trg" for relation "myschema1.myTbl3" does not exist, skipping
NOTICE:  trigger "emaj_trunc_trg" for relation "myschema1.myTbl3" does not exist, skipping
NOTICE:  table "mytbl1_log" does not exist, skipping
NOTICE:  trigger "emaj_log_trg" for relation "myschema1.mytbl1" does not exist, skipping
NOTICE:  trigger "emaj_trunc_trg" for relation "myschema1.mytbl1" does not exist, skipping
NOTICE:  table "mytbl4_log" does not exist, skipping
NOTICE:  trigger "emaj_log_trg" for relation "myschema1.mytbl4" does not exist, skipping
NOTICE:  trigger "emaj_trunc_trg" for relation "myschema1.mytbl4" does not exist, skipping
NOTICE:  table "mytbl2_log" does not exist, skipping
NOTICE:  trigger "emaj_log_trg" for relation "myschema1.mytbl2" does not exist, skipping
NOTICE:  trigger "emaj_trunc_trg" for relation "myschema1.mytbl2" does not exist, skipping
WARNING:  _create_tbl: The table "myschema1.mytbl2" has triggers (mytbl2trg1, mytbl2trg2). They will be automatically disabled during E-Maj rollback operations, unless they have been recorded into the list of triggers that may be kept enabled, with the emaj_ignore_app_trigger() function.
NOTICE:  table "mytbl2b_log" does not exist, skipping
NOTICE:  trigger "emaj_log_trg" for relation "myschema1.mytbl2b" does not exist, skipping
NOTICE:  trigger "emaj_trunc_trg" for relation "myschema1.mytbl2b" does not exist, skipping
 emaj_create_group 
-------------------
                 7
(1 row)

select emaj.emaj_start_group('myGroup1','Start');
 emaj_start_group 
------------------
                7
(1 row)

select emaj.emaj_create_group('myGroup2');
NOTICE:  table "myTbl3_log" does not exist, skipping
NOTICE:  trigger "emaj_log_trg" for relation "myschema2.myTbl3" does not exist, skipping
NOTICE:  trigger "emaj_trunc_trg" for relation "myschema2.myTbl3" does not exist, skipping
NOTICE:  table "mytbl1_log" does not exist, skipping
NOTICE:  trigger "emaj_log_trg" for relation "myschema2.mytbl1" does not exist, skipping
NOTICE:  trigger "emaj_trunc_trg" for relation "myschema2.mytbl1" does not exist, skipping
NOTICE:  table "mytbl2_log" does not exist, skipping
NOTICE:  trigger "emaj_log_trg" for relation "myschema2.mytbl2" does not exist, skipping
NOTICE:  trigger "emaj_trunc_trg" for relation "myschema2.mytbl2" does not exist, skipping
NOTICE:  table "mytbl4_log" does not exist, skipping
NOTICE:  trigger "emaj_log_trg" for relation "myschema2.mytbl4" does not exist, skipping
NOTICE:  trigger "emaj_trunc_trg" for relation "myschema2.mytbl4" does not exist, skipping
NOTICE:  table "mytbl5_log" does not exist, skipping
NOTICE:  trigger "emaj_log_trg" for relation "myschema2.mytbl5" does not exist, skipping
NOTICE:  trigger "emaj_trunc_trg" for relation "myschema2.mytbl5" does not exist, skipping
NOTICE:  table "mytbl6_log" does not exist, skipping
NOTICE:  trigger "emaj_log_trg" for relation "myschema2.mytbl6" does not exist, skipping
NOTICE:  trigger "emaj_trunc_trg" for relation "myschema2.mytbl6" does not exist, skipping
WARNING:  _check_fk_groups: The foreign key "mytbl6_col61_fkey" on the table "myschema2.mytbl6" references the table "myschema2.mytbl7" that is outside the groups (myGroup2).
WARNING:  _check_fk_groups: The table "myschema2.mytbl6" is referenced by the foreign key "mytbl8_col81_fkey" on the table "myschema2.mytbl8" that is outside the groups (myGroup2).
 emaj_create_group 
-------------------
                 8
(1 row)

select emaj.emaj_create_group('emptyGroup');
ERROR:  emaj_create_group: The group "emptyGroup" already exists.
CONTEXT:  PL/pgSQL function emaj.emaj_create_group(text,boolean,boolean) line 24 at RAISE
select emaj.emaj_start_group('emptyGroup');
 emaj_start_group 
------------------
                0
(1 row)

--
set role emaj_regression_tests_viewer_user;
--
-----------------------------
-- authorized table or view accesses
-----------------------------
select count(*) from emaj.emaj_visible_param;
 count 
-------
     3
(1 row)

select count(*) from emaj.emaj_hist;
 count 
-------
    18
(1 row)

select count(*) from emaj.emaj_group_def;
 count 
-------
    36
(1 row)

select count(*) from emaj.emaj_group;
 count 
-------
     3
(1 row)

select count(*) from emaj.emaj_schema;
 count 
-------
     3
(1 row)

select count(*) from emaj.emaj_relation;
 count 
-------
    15
(1 row)

select count(*) from emaj.emaj_rel_hist;
 count 
-------
   125
(1 row)

select count(*) from emaj.emaj_mark;
 count 
-------
     2
(1 row)

select count(*) from emaj.emaj_sequence;
 count 
-------
     7
(1 row)

select count(*) from emaj.emaj_seq_hole;
 count 
-------
     0
(1 row)

select count(*) from emaj.emaj_rlbk;
 count 
-------
    37
(1 row)

select count(*) from emaj.emaj_rlbk_session;
 count 
-------
    37
(1 row)

select count(*) from emaj.emaj_rlbk_plan;
 count 
-------
   149
(1 row)

select count(*) from emaj.emaj_rlbk_stat;
 count 
-------
     7
(1 row)

select count(*) from emaj.emaj_ignored_app_trigger;
 count 
-------
     0
(1 row)

select count(*) from emaj_mySchema1.myTbl1_log;
 count 
-------
     0
(1 row)

-----------------------------
-- authorized functions
-----------------------------
select * from emaj.emaj_get_current_log_table('myschema1', 'mytbl1');
   log_schema   | log_table  
----------------+------------
 emaj_myschema1 | mytbl1_log
(1 row)

select * from emaj.emaj_verify_all();
                                                                                        emaj_verify_all                                                                                         
------------------------------------------------------------------------------------------------------------------------------------------------------------------------------------------------
 Warning: In the group "myGroup2", the foreign key "mytbl6_col61_fkey" on the table "myschema2"."mytbl6" references the table "myschema2"."mytbl7" that does not belong to any group.
 Warning: In the group "myGroup2", the table "myschema2"."mytbl6" is referenced by the the foreign key "mytbl8_col81_fkey" of the table "myschema2"."mytbl8" that does not belong to any group.
 No error detected
(3 rows)

select emaj.emaj_get_previous_mark_group('myGroup1', current_timestamp);
 emaj_get_previous_mark_group 
------------------------------
 Start
(1 row)

select emaj.emaj_get_previous_mark_group('myGroup1', 'EMAJ_LAST_MARK');
 emaj_get_previous_mark_group 
------------------------------
 
(1 row)

select emaj.emaj_cleanup_rollback_state();
 emaj_cleanup_rollback_state 
-----------------------------
                           0
(1 row)

select count(*) from emaj.emaj_log_stat_group('myGroup1',NULL,NULL);
 count 
-------
     5
(1 row)

select count(*) from emaj.emaj_log_stat_groups(array['myGroup1'],NULL,NULL);
 count 
-------
     5
(1 row)

select count(*) from emaj.emaj_detailed_log_stat_group('myGroup1',NULL,NULL);
 count 
-------
     0
(1 row)

select count(*) from emaj.emaj_detailed_log_stat_groups(array['myGroup1'],NULL,NULL);
 count 
-------
     0
(1 row)

select emaj.emaj_estimate_rollback_group('myGroup1',emaj.emaj_get_previous_mark_group('myGroup1',current_timestamp),FALSE);
 emaj_estimate_rollback_group 
------------------------------
 @ 0.007 secs
(1 row)

select emaj.emaj_estimate_rollback_groups(array['myGroup1'],emaj.emaj_get_previous_mark_group('myGroup1',current_timestamp),FALSE);
 emaj_estimate_rollback_groups 
-------------------------------
 @ 0.007 secs
(1 row)

select * from emaj.emaj_rollback_activity();
 rlbk_id | rlbk_groups | rlbk_mark | rlbk_mark_datetime | rlbk_is_logged | rlbk_is_alter_group_allowed | rlbk_nb_session | rlbk_nb_table | rlbk_nb_sequence | rlbk_eff_nb_table | rlbk_status | rlbk_start_datetime | rlbk_elapse | rlbk_remaining | rlbk_completion_pct 
---------+-------------+-----------+--------------------+----------------+-----------------------------+-----------------+---------------+------------------+-------------------+-------------+---------------------+-------------+----------------+---------------------
(0 rows)

select * from emaj.emaj_get_consolidable_rollbacks();
 cons_group | cons_target_rlbk_mark_name | cons_target_rlbk_mark_time_id | cons_end_rlbk_mark_name | cons_end_rlbk_mark_time_id | cons_rows | cons_marks 
------------+----------------------------+-------------------------------+-------------------------+----------------------------+-----------+------------
(0 rows)

select substr(pg_size_pretty(pg_database_size(current_database())),1,0);
 substr 
--------
 
(1 row)

-----------------------------
-- forbiden table accesses
-----------------------------
select count(*) from emaj.emaj_param;
ERROR:  permission denied for relation emaj_param
delete from emaj.emaj_param;
ERROR:  permission denied for relation emaj_param
delete from emaj.emaj_hist;
ERROR:  permission denied for relation emaj_hist
delete from emaj.emaj_group_def;
ERROR:  permission denied for relation emaj_group_def
delete from emaj.emaj_group;
ERROR:  permission denied for relation emaj_group
delete from emaj.emaj_relation;
ERROR:  permission denied for relation emaj_relation
delete from emaj.emaj_rel_hist;
ERROR:  permission denied for relation emaj_rel_hist
delete from emaj.emaj_mark;
ERROR:  permission denied for relation emaj_mark
delete from emaj.emaj_sequence;
ERROR:  permission denied for relation emaj_sequence
delete from emaj.emaj_seq_hole;
ERROR:  permission denied for relation emaj_seq_hole
delete from emaj.emaj_rlbk;
ERROR:  permission denied for relation emaj_rlbk
delete from emaj.emaj_rlbk_session;
ERROR:  permission denied for relation emaj_rlbk_session
delete from emaj.emaj_rlbk_plan;
ERROR:  permission denied for relation emaj_rlbk_plan
delete from emaj.emaj_rlbk_stat;
ERROR:  permission denied for relation emaj_rlbk_stat
delete from emaj_ignored_app_trigger;
ERROR:  relation "emaj_ignored_app_trigger" does not exist
LINE 1: delete from emaj_ignored_app_trigger;
                    ^
delete from emaj_mySchema1.myTbl1_log;
ERROR:  permission denied for relation mytbl1_log
-----------------------------
-- forbiden functions
-----------------------------
select emaj.emaj_ignore_app_trigger('ADD','myschema1','mytbl1','%');
ERROR:  permission denied for function emaj_ignore_app_trigger
select emaj.emaj_create_group('myGroup1');
ERROR:  permission denied for function emaj_create_group
select emaj.emaj_create_group('myGroup1',true);
ERROR:  permission denied for function emaj_create_group
select emaj.emaj_drop_group('myGroup1');
ERROR:  permission denied for function emaj_drop_group
select emaj.emaj_force_drop_group('myGroup1');
ERROR:  permission denied for function emaj_force_drop_group
select emaj.emaj_alter_group('myGroup1');
ERROR:  permission denied for function emaj_alter_group
select emaj.emaj_start_group('myGroup1','mark');
ERROR:  permission denied for function emaj_start_group
select emaj.emaj_start_groups(array['myGroup1'],'mark');
ERROR:  permission denied for function emaj_start_groups
select emaj.emaj_stop_group('myGroup1');
ERROR:  permission denied for function emaj_stop_group
select emaj.emaj_stop_group('myGroup1',NULL);
ERROR:  permission denied for function emaj_stop_group
select emaj.emaj_stop_groups(array['myGroup1']);
ERROR:  permission denied for function emaj_stop_groups
select emaj.emaj_stop_groups(array['myGroup1'],NULL);
ERROR:  permission denied for function emaj_stop_groups
select emaj.emaj_protect_group('myGroup1');
ERROR:  permission denied for function emaj_protect_group
select emaj.emaj_unprotect_group('myGroup1');
ERROR:  permission denied for function emaj_unprotect_group
select emaj.emaj_set_mark_group('myGroup1','mark');
ERROR:  permission denied for function emaj_set_mark_group
select emaj.emaj_set_mark_groups(array['myGroup1'],'mark');
ERROR:  permission denied for function emaj_set_mark_groups
select emaj.emaj_comment_mark_group('myGroup1','mark',NULL);
ERROR:  permission denied for function emaj_comment_mark_group
select emaj.emaj_delete_mark_group('myGroup1','mark'); 
ERROR:  permission denied for function emaj_delete_mark_group
select emaj.emaj_delete_before_mark_group('myGroup1','mark');
ERROR:  permission denied for function emaj_delete_before_mark_group
select emaj.emaj_rename_mark_group('myGroup1','EMAJ_LAST_MARK','mark');
ERROR:  permission denied for function emaj_rename_mark_group
select emaj.emaj_protect_mark_group('myGroup1','EMAJ_LAST_MARK');
ERROR:  permission denied for function emaj_protect_mark_group
select emaj.emaj_unprotect_mark_group('myGroup1','EMAJ_LAST_MARK');
ERROR:  permission denied for function emaj_unprotect_mark_group
select emaj.emaj_rollback_group('myGroup1','mark'); 
ERROR:  permission denied for function emaj_rollback_group
select emaj.emaj_rollback_groups(array['myGroup1'],'mark'); 
ERROR:  permission denied for function emaj_rollback_groups
select emaj.emaj_logged_rollback_group('myGroup1','mark');
ERROR:  permission denied for function emaj_logged_rollback_group
select emaj.emaj_logged_rollback_groups(array['myGroup1'],'mark');
ERROR:  permission denied for function emaj_logged_rollback_groups
select emaj.emaj_consolidate_rollback_group('myGroup1','mark');
ERROR:  permission denied for function emaj_consolidate_rollback_group
select emaj.emaj_reset_group('myGroup1');
ERROR:  permission denied for function emaj_reset_group
select emaj.emaj_snap_group('myGroup1','/tmp',NULL);
ERROR:  permission denied for function emaj_snap_group
select emaj.emaj_snap_log_group('myGroup1',NULL,NULL,'/tmp',NULL);
ERROR:  permission denied for function emaj_snap_log_group
select emaj.emaj_gen_sql_group('myGroup1',NULL,NULL,'/tmp/dummy');
ERROR:  permission denied for function emaj_gen_sql_group
select emaj.emaj_gen_sql_group('myGroup1',NULL,NULL,'/tmp/dummy',array['']);
ERROR:  permission denied for function emaj_gen_sql_group
select emaj.emaj_gen_sql_groups(array['myGroup1'],NULL,NULL,'/tmp/dummy');
ERROR:  permission denied for function emaj_gen_sql_groups
select emaj.emaj_gen_sql_groups(array['myGroup1'],NULL,NULL,'/tmp/dummy',array['']);
ERROR:  permission denied for function emaj_gen_sql_groups
select emaj.emaj_export_parameters_configuration();
ERROR:  permission denied for function emaj_export_parameters_configuration
select emaj.emaj_export_parameters_configuration('/tmp/dummy/location/file');
ERROR:  permission denied for function emaj_export_parameters_configuration
select emaj.emaj_import_parameters_configuration('{}'::json);
ERROR:  permission denied for function emaj_import_parameters_configuration
select emaj.emaj_import_parameters_configuration('/tmp/dummy/location/file');
ERROR:  permission denied for function emaj_import_parameters_configuration
--
reset role;
