psql: error: could not connect to server: FATAL:  the database system is in recovery mode
